Archive member included to satisfy reference by file (symbol)

d:/toolchain/gcc-arm-none-eabi/bin/../lib/gcc/arm-none-eabi/9.2.1/thumb/v7e-m+fp/hard\libgcc.a(_aeabi_ldivmod.o)
                              build/uart.o (__aeabi_ldivmod)
d:/toolchain/gcc-arm-none-eabi/bin/../lib/gcc/arm-none-eabi/9.2.1/thumb/v7e-m+fp/hard\libgcc.a(_aeabi_uldivmod.o)
                              build/uart.o (__aeabi_uldivmod)
d:/toolchain/gcc-arm-none-eabi/bin/../lib/gcc/arm-none-eabi/9.2.1/thumb/v7e-m+fp/hard\libgcc.a(_udivmoddi4.o)
                              d:/toolchain/gcc-arm-none-eabi/bin/../lib/gcc/arm-none-eabi/9.2.1/thumb/v7e-m+fp/hard\libgcc.a(_aeabi_ldivmod.o) (__udivmoddi4)
d:/toolchain/gcc-arm-none-eabi/bin/../lib/gcc/arm-none-eabi/9.2.1/thumb/v7e-m+fp/hard\libgcc.a(_dvmd_tls.o)
                              d:/toolchain/gcc-arm-none-eabi/bin/../lib/gcc/arm-none-eabi/9.2.1/thumb/v7e-m+fp/hard\libgcc.a(_aeabi_ldivmod.o) (__aeabi_ldiv0)
d:/toolchain/gcc-arm-none-eabi/bin/../lib/gcc/arm-none-eabi/9.2.1/../../../../arm-none-eabi/lib/thumb/v7e-m+fp/hard\libc_nano.a(lib_a-atoi.o)
                              build/cmd_parser.o (atoi)
d:/toolchain/gcc-arm-none-eabi/bin/../lib/gcc/arm-none-eabi/9.2.1/../../../../arm-none-eabi/lib/thumb/v7e-m+fp/hard\libc_nano.a(lib_a-ctype_.o)
                              build/cmd_parser.o (_ctype_)
d:/toolchain/gcc-arm-none-eabi/bin/../lib/gcc/arm-none-eabi/9.2.1/../../../../arm-none-eabi/lib/thumb/v7e-m+fp/hard\libc_nano.a(lib_a-exit.o)
                              d:/toolchain/gcc-arm-none-eabi/bin/../lib/gcc/arm-none-eabi/9.2.1/../../../../arm-none-eabi/lib/thumb/v7e-m+fp/hard/crt0.o (exit)
d:/toolchain/gcc-arm-none-eabi/bin/../lib/gcc/arm-none-eabi/9.2.1/../../../../arm-none-eabi/lib/thumb/v7e-m+fp/hard\libc_nano.a(lib_a-getchar.o)
                              build/cmd_line_buffer.o (getchar)
d:/toolchain/gcc-arm-none-eabi/bin/../lib/gcc/arm-none-eabi/9.2.1/../../../../arm-none-eabi/lib/thumb/v7e-m+fp/hard\libc_nano.a(lib_a-impure.o)
                              d:/toolchain/gcc-arm-none-eabi/bin/../lib/gcc/arm-none-eabi/9.2.1/../../../../arm-none-eabi/lib/thumb/v7e-m+fp/hard\libc_nano.a(lib_a-exit.o) (_global_impure_ptr)
d:/toolchain/gcc-arm-none-eabi/bin/../lib/gcc/arm-none-eabi/9.2.1/../../../../arm-none-eabi/lib/thumb/v7e-m+fp/hard\libc_nano.a(lib_a-init.o)
                              d:/toolchain/gcc-arm-none-eabi/bin/../lib/gcc/arm-none-eabi/9.2.1/../../../../arm-none-eabi/lib/thumb/v7e-m+fp/hard/crt0.o (__libc_init_array)
d:/toolchain/gcc-arm-none-eabi/bin/../lib/gcc/arm-none-eabi/9.2.1/../../../../arm-none-eabi/lib/thumb/v7e-m+fp/hard\libc_nano.a(lib_a-malloc.o)
                              build/FreeRTOS/heap_useNewlib.o (malloc)
d:/toolchain/gcc-arm-none-eabi/bin/../lib/gcc/arm-none-eabi/9.2.1/../../../../arm-none-eabi/lib/thumb/v7e-m+fp/hard\libc_nano.a(lib_a-memcpy-stub.o)
                              build/FreeRTOS/queue.o (memcpy)
d:/toolchain/gcc-arm-none-eabi/bin/../lib/gcc/arm-none-eabi/9.2.1/../../../../arm-none-eabi/lib/thumb/v7e-m+fp/hard\libc_nano.a(lib_a-memset.o)
                              d:/toolchain/gcc-arm-none-eabi/bin/../lib/gcc/arm-none-eabi/9.2.1/../../../../arm-none-eabi/lib/thumb/v7e-m+fp/hard/crt0.o (memset)
d:/toolchain/gcc-arm-none-eabi/bin/../lib/gcc/arm-none-eabi/9.2.1/../../../../arm-none-eabi/lib/thumb/v7e-m+fp/hard\libc_nano.a(lib_a-mstats.o)
                              build/FreeRTOS/heap_useNewlib.o (mallinfo)
d:/toolchain/gcc-arm-none-eabi/bin/../lib/gcc/arm-none-eabi/9.2.1/../../../../arm-none-eabi/lib/thumb/v7e-m+fp/hard\libc_nano.a(lib_a-nano-freer.o)
                              d:/toolchain/gcc-arm-none-eabi/bin/../lib/gcc/arm-none-eabi/9.2.1/../../../../arm-none-eabi/lib/thumb/v7e-m+fp/hard\libc_nano.a(lib_a-malloc.o) (_free_r)
d:/toolchain/gcc-arm-none-eabi/bin/../lib/gcc/arm-none-eabi/9.2.1/../../../../arm-none-eabi/lib/thumb/v7e-m+fp/hard\libc_nano.a(lib_a-nano-mallinfor.o)
                              d:/toolchain/gcc-arm-none-eabi/bin/../lib/gcc/arm-none-eabi/9.2.1/../../../../arm-none-eabi/lib/thumb/v7e-m+fp/hard\libc_nano.a(lib_a-mstats.o) (_mallinfo_r)
d:/toolchain/gcc-arm-none-eabi/bin/../lib/gcc/arm-none-eabi/9.2.1/../../../../arm-none-eabi/lib/thumb/v7e-m+fp/hard\libc_nano.a(lib_a-nano-mallocr.o)
                              d:/toolchain/gcc-arm-none-eabi/bin/../lib/gcc/arm-none-eabi/9.2.1/../../../../arm-none-eabi/lib/thumb/v7e-m+fp/hard\libc_nano.a(lib_a-malloc.o) (_malloc_r)
d:/toolchain/gcc-arm-none-eabi/bin/../lib/gcc/arm-none-eabi/9.2.1/../../../../arm-none-eabi/lib/thumb/v7e-m+fp/hard\libc_nano.a(lib_a-nano-malloptr.o)
                              d:/toolchain/gcc-arm-none-eabi/bin/../lib/gcc/arm-none-eabi/9.2.1/../../../../arm-none-eabi/lib/thumb/v7e-m+fp/hard\libc_nano.a(lib_a-mstats.o) (_mallopt_r)
d:/toolchain/gcc-arm-none-eabi/bin/../lib/gcc/arm-none-eabi/9.2.1/../../../../arm-none-eabi/lib/thumb/v7e-m+fp/hard\libc_nano.a(lib_a-nano-mallstatsr.o)
[...]
Memory Configuration

Name             Origin             Length             Attributes
FLASH            0x08000000         0x00080000         xr
RAM              0x20000000         0x00020000         xrw
*default*        0x00000000         0xffffffff

Linker script and memory map

LOAD d:/toolchain/gcc-arm-none-eabi/bin/../lib/gcc/arm-none-eabi/9.2.1/thumb/v7e-m+fp/hard/crti.o
LOAD d:/toolchain/gcc-arm-none-eabi/bin/../lib/gcc/arm-none-eabi/9.2.1/thumb/v7e-m+fp/hard/crtbegin.o
LOAD d:/toolchain/gcc-arm-none-eabi/bin/../lib/gcc/arm-none-eabi/9.2.1/../../../../arm-none-eabi/lib/thumb/v7e-m+fp/hard/crt0.o
LOAD build/cmd_line_buffer.o
LOAD build/cmd_parser.o
LOAD build/light.o
LOAD build/potentiometer.o
LOAD build/led_rgb.o
LOAD build/button.o
LOAD build/dimmer_task.o
LOAD build/heartbeat_task.o
LOAD build/stm32f4xx_hal_msp.o
LOAD build/main.o
LOAD build/stm32f4xx_it.o
LOAD build/system_stm32f4xx.o
LOAD build/uart.o
LOAD build/cmd_task.o
LOAD build/startup_stm32f446xx.o
LOAD build/stm32f4_HAL/stm32f4xx_hal.o
LOAD build/stm32f4_HAL/stm32f4xx_hal_dma.o
LOAD build/stm32f4_HAL/stm32f4xx_hal_adc.o
LOAD build/stm32f4_HAL/stm32f4xx_hal_adc_ex.o
LOAD build/stm32f4_HAL/stm32f4xx_hal_gpio.o
LOAD build/stm32f4_HAL/stm32f4xx_ll_gpio.o
LOAD build/stm32f4_HAL/stm32f4xx_ll_usart.o
LOAD build/stm32f4_HAL/stm32f4xx_ll_dma.o
LOAD build/stm32f4_HAL/stm32f4xx_ll_rcc.o
LOAD build/stm32f4_HAL/stm32f4xx_hal_i2c.o
LOAD build/stm32f4_HAL/stm32f4xx_hal_i2c_ex.o
LOAD build/stm32f4_HAL/stm32f4xx_hal_tim.o
LOAD build/stm32f4_HAL/stm32f4xx_hal_tim_ex.o
LOAD build/stm32f4_HAL/stm32f4xx_hal_rtc.o
LOAD build/stm32f4_HAL/stm32f4xx_hal_rcc.o
LOAD build/stm32f4_HAL/stm32f4xx_hal_rcc_ex.o
LOAD build/stm32f4_HAL/stm32f4xx_hal_pwr.o
LOAD build/stm32f4_HAL/stm32f4xx_hal_pwr_ex.o
LOAD build/stm32f4_HAL/stm32f4xx_hal_cortex.o
LOAD build/stm32f4_HAL/stm32f4xx_hal_spi.o
LOAD build/FreeRTOS/croutine.o
LOAD build/FreeRTOS/event_groups.o
LOAD build/FreeRTOS/list.o
LOAD build/FreeRTOS/queue.o
LOAD build/FreeRTOS/tasks.o
LOAD build/FreeRTOS/timers.o
LOAD build/FreeRTOS/stream_buffer.o
LOAD build/FreeRTOS/cmsis_os2.o
LOAD build/FreeRTOS/clib_arm.o
LOAD build/FreeRTOS/os_systick.o
LOAD build/FreeRTOS/heap_useNewlib.o
LOAD build/FreeRTOS/port.o
LOAD d:/toolchain/gcc-arm-none-eabi/bin/../lib/gcc/arm-none-eabi/9.2.1/../../../../arm-none-eabi/lib/thumb/v7e-m+fp/hard\libm.a
LOAD D:/libraries/STM32Cube_F4_FW/Drivers/CMSIS/Lib/GCC/libarm_cortexM4lf_math.a
START GROUP
LOAD d:/toolchain/gcc-arm-none-eabi/bin/../lib/gcc/arm-none-eabi/9.2.1/thumb/v7e-m+fp/hard\libgcc.a
LOAD d:/toolchain/gcc-arm-none-eabi/bin/../lib/gcc/arm-none-eabi/9.2.1/../../../../arm-none-eabi/lib/thumb/v7e-m+fp/hard\libc_nano.a
END GROUP
START GROUP
LOAD d:/toolchain/gcc-arm-none-eabi/bin/../lib/gcc/arm-none-eabi/9.2.1/thumb/v7e-m+fp/hard\libgcc.a
LOAD d:/toolchain/gcc-arm-none-eabi/bin/../lib/gcc/arm-none-eabi/9.2.1/../../../../arm-none-eabi/lib/thumb/v7e-m+fp/hard\libc_nano.a
LOAD d:/toolchain/gcc-arm-none-eabi/bin/../lib/gcc/arm-none-eabi/9.2.1/../../../../arm-none-eabi/lib/thumb/v7e-m+fp/hard\libnosys.a
END GROUP
START GROUP
LOAD d:/toolchain/gcc-arm-none-eabi/bin/../lib/gcc/arm-none-eabi/9.2.1/thumb/v7e-m+fp/hard\libgcc.a
LOAD d:/toolchain/gcc-arm-none-eabi/bin/../lib/gcc/arm-none-eabi/9.2.1/../../../../arm-none-eabi/lib/thumb/v7e-m+fp/hard\libc_nano.a
LOAD d:/toolchain/gcc-arm-none-eabi/bin/../lib/gcc/arm-none-eabi/9.2.1/../../../../arm-none-eabi/lib/thumb/v7e-m+fp/hard\libnosys.a
END GROUP
LOAD d:/toolchain/gcc-arm-none-eabi/bin/../lib/gcc/arm-none-eabi/9.2.1/thumb/v7e-m+fp/hard/crtend.o
LOAD d:/toolchain/gcc-arm-none-eabi/bin/../lib/gcc/arm-none-eabi/9.2.1/thumb/v7e-m+fp/hard/crtn.o
                0x20020000                _estack = 0x20020000
                0x00008000                _Min_Heap_Size = 0x8000
                0x00002000                _Min_Stack_Size = 0x2000

.isr_vector     0x08000000      0x1c4
                0x08000000                . = ALIGN (0x4)
 *(.isr_vector)
 .isr_vector    0x08000000      0x1c4 build/startup_stm32f446xx.o
                0x08000000                g_pfnVectors
                0x080001c4                . = ALIGN (0x4)

.text           0x080001d0    0x169ac
                0x080001d0                . = ALIGN (0x4)
 *(.text)
 .text          0x080001d0        0x0 d:/toolchain/gcc-arm-none-eabi/bin/../lib/gcc/arm-none-eabi/9.2.1/thumb/v7e-m+fp/hard/crti.o
 .text          0x080001d0       0x40 d:/toolchain/gcc-arm-none-eabi/bin/../lib/gcc/arm-none-eabi/9.2.1/thumb/v7e-m+fp/hard/crtbegin.o
 .text          0x08000210       0x74 d:/toolchain/gcc-arm-none-eabi/bin/../lib/gcc/arm-none-eabi/9.2.1/../../../../arm-none-eabi/lib/thumb/v7e-m+fp/hard/crt0.o
                0x08000210                _start
                0x08000210                _mainCRTStartup
 .text          0x08000284      0x104 build/cmd_line_buffer.o
                0x08000284                clb_init
                0x0800028e                clb_is_empty
                0x08000298                clb_is_full
                0x080002a6                clb_delc
                0x080002b0                clb_is_cmd_ready
                0x080002c8                clb_putc
                0x080002e8                clb_consume_char
                0x08000310                clb_consume_str
                0x0800032a                clb_gets_at
                0x08000342                clb_gets
                0x08000348                clb_process
 .text          0x08000388      0x2f0 build/cmd_parser.o
                0x080005c8                cmd_parse
 .text          0x08000678      0x140 build/light.o
                0x0800070c                light_init
                0x08000724                light_set_brightness
                0x08000730                light_get_brightness
                0x0800073c                light_set_saturation
                0x08000748                light_get_saturation
                0x08000754                light_set_hue
                0x0800076c                light_incr_hue
                0x08000788                light_get_hue
                0x08000794                light_get_red
                0x080007a0                light_get_green
                0x080007ac                light_get_blue
 .text          0x080007b8       0x6c build/potentiometer.o
                0x080007b8                pot_init
                0x080007fc                pot_deinit
                0x08000808                pot_get_value
 .text          0x08000824       0xe0 build/led_rgb.o
                0x08000824                led_rgb_init
                0x080008a4                led_rgb_deinit
                0x080008b0                led_rgb_get_red
                0x080008c0                led_rgb_get_green
                0x080008d0                led_rgb_get_blue
                0x080008e0                led_rgb_set_red
                0x080008ec                led_rgb_set_green
                0x080008f8                led_rgb_set_blue
 .text          0x08000904       0xc4 build/button.o
                0x08000904                button_init
                0x08000964                _button_thread_func
                0x08000966                button_debounce
                0x08000968                button_clear_pressed
                0x08000974                button_get_pressed
                0x08000980                button_set_pressed
                0x0800098c                button_pop_pressed
                0x0800099c                button_isr
                0x080009a8                EXTI9_5_IRQHandler
                0x080009b8                button_deinit
 .text          0x080009c8       0x50 build/dimmer_task.o
                0x080009c8                dimmer_task_init
                0x080009dc                dimmer_task_resume
                0x080009ec                dimmer_task_stop
                0x080009fc                dimmer_task_is_running
                0x08000a08                dimmer_task_deinit
 .text          0x08000a18       0xf8 build/heartbeat_task.o
                0x08000a48                heartbeat_task_start
                0x08000a68                heartbeat_task_init
                0x08000ad4                heartbeat_task_stop
                0x08000af0                heartbeat_task_is_running
                0x08000afc                heartbeat_task_deinit
 .text          0x08000b10      0x110 build/stm32f4xx_hal_msp.o
                0x08000b10                HAL_TIM_PWM_MspInit
                0x08000bc4                HAL_ADC_MspInit
 .text          0x08000c20        0x0 build/main.o
 .text          0x08000c20        0xc build/stm32f4xx_it.o
                0x08000c20                NMI_Handler
                0x08000c22                HardFault_Handler
                0x08000c24                MemManage_Handler
                0x08000c26                BusFault_Handler
                0x08000c28                UsageFault_Handler
                0x08000c2a                DebugMon_Handler
 .text          0x08000c2c       0xc0 build/system_stm32f4xx.o
                0x08000c2c                SystemInit
                0x08000c78                SystemCoreClockUpdate
 .text          0x08000cec      0x47c build/uart.o
                0x08000cec                uart_init
                0x08000fc0                __wrap_printf
                0x08000ff8                __io_putchar
                0x08001028                __io_getchar
                0x08001044                _write
                0x08001060                _read
                0x08001074                _uart_rxne_isr
                0x0800109c                _uart_txe_isr
                0x080010d4                _uart_error
                0x0800112c                USART2_IRQHandler
 .text          0x08001168       0x4c build/cmd_task.o
                0x08001188                cmd_task_init
 .text          0x080011b4       0x14 build/startup_stm32f446xx.o
 .text          0x080011c8      0x20c build/stm32f4_HAL/stm32f4xx_hal.o
                0x080011c8                HAL_MspInit
                0x080011ca                HAL_MspDeInit
                0x080011cc                HAL_DeInit
                0x080011f8                HAL_InitTick
                0x0800123c                HAL_Init
                0x08001270                HAL_IncTick
                0x08001288                HAL_GetTick
                0x08001294                HAL_GetTickPrio
                0x080012a0                HAL_SetTickFreq
                0x080012c0                HAL_GetTickFreq
                0x080012cc                HAL_Delay
                0x080012f4                HAL_SuspendTick
                0x08001304                HAL_ResumeTick
                0x08001314                HAL_GetHalVersion
                0x0800131c                HAL_GetREVID
                0x08001328                HAL_GetDEVID
                0x08001338                HAL_DBGMCU_EnableDBGSleepMode
                0x08001348                HAL_DBGMCU_DisableDBGSleepMode
                0x08001358                HAL_DBGMCU_EnableDBGStopMode
                0x08001368                HAL_DBGMCU_DisableDBGStopMode
                0x08001378                HAL_DBGMCU_EnableDBGStandbyMode
                0x08001388                HAL_DBGMCU_DisableDBGStandbyMode
                0x08001398                HAL_EnableCompensationCell
                0x080013a4                HAL_DisableCompensationCell
                0x080013b0                HAL_GetUIDw0
                0x080013bc                HAL_GetUIDw1
                0x080013c8                HAL_GetUIDw2
 .text          0x080013d4      0x630 build/stm32f4_HAL/stm32f4xx_hal_dma.o
                0x08001400                HAL_DMA_Init
                0x08001500                HAL_DMA_DeInit
                0x08001554                HAL_DMA_Start
                0x080015a8                HAL_DMA_Start_IT
                0x0800161c                HAL_DMA_Abort
                0x080016a4                HAL_DMA_Abort_IT
                0x080016c8                HAL_DMA_PollForTransfer
                0x080017d6                HAL_DMA_IRQHandler
                0x08001950                HAL_DMA_RegisterCallback
                0x08001998                HAL_DMA_UnRegisterCallback
                0x080019fa                HAL_DMA_GetState
                0x08001a00                HAL_DMA_GetError
 .text          0x08001a04      0x9c8 build/stm32f4_HAL/stm32f4xx_hal_adc.o
                0x08001a06                HAL_ADC_Init
                0x08001b54                HAL_ADC_MspDeInit
                0x08001b56                HAL_ADC_DeInit
                0x08001b8a                HAL_ADC_Start
                0x08001c74                HAL_ADC_Stop
                0x08001caa                HAL_ADC_PollForConversion
                0x08001d48                HAL_ADC_PollForEvent
                0x08001dae                HAL_ADC_Start_IT
                0x08001ea4                HAL_ADC_Stop_IT
                0x08001eec                HAL_ADC_Start_DMA
                0x08002010                HAL_ADC_Stop_DMA
                0x0800206a                HAL_ADC_GetValue
                0x08002070                HAL_ADC_ConvCpltCallback
                0x08002072                HAL_ADC_ConvHalfCpltCallback
                0x0800207e                HAL_ADC_LevelOutOfWindowCallback
                0x08002080                HAL_ADC_ErrorCallback
                0x08002082                HAL_ADC_IRQHandler
                0x0800222c                HAL_ADC_ConfigChannel
                0x08002364                HAL_ADC_AnalogWDGConfig
                0x080023c4                HAL_ADC_GetState
                0x080023c8                HAL_ADC_GetError
 .text          0x080023cc      0x6b0 build/stm32f4_HAL/stm32f4xx_hal_adc_ex.o
                0x0800243c                HAL_ADCEx_InjectedStart
                0x080024f0                HAL_ADCEx_InjectedStart_IT
                0x080025ac                HAL_ADCEx_InjectedStop
                0x08002606                HAL_ADCEx_InjectedPollForConversion
                0x0800268e                HAL_ADCEx_InjectedStop_IT
                0x080026f0                HAL_ADCEx_InjectedGetValue
                0x08002722                HAL_ADCEx_MultiModeStart_DMA
                0x0800281c                HAL_ADCEx_MultiModeStop_DMA
                0x0800287c                HAL_ADCEx_MultiModeGetValue
                0x08002888                HAL_ADCEx_InjectedConvCpltCallback
                0x0800288a                HAL_ADCEx_InjectedConfigChannel
                0x08002a2c                HAL_ADCEx_MultiModeConfigChannel
 .text          0x08002a7c      0x344 build/stm32f4_HAL/stm32f4xx_hal_gpio.o
                0x08002a7c                HAL_GPIO_Init
                0x08002c3c                HAL_GPIO_DeInit
                0x08002d58                HAL_GPIO_ReadPin
                0x08002d64                HAL_GPIO_WritePin
                0x08002d6e                HAL_GPIO_TogglePin
                0x08002d7c                HAL_GPIO_LockPin
                0x08002da6                HAL_GPIO_EXTI_Callback
                0x08002da8                HAL_GPIO_EXTI_IRQHandler
 .text          0x08002dc0      0x220 build/stm32f4_HAL/stm32f4xx_ll_gpio.o
                0x08002de0                LL_GPIO_DeInit
                0x08002e8c                LL_GPIO_Init
                0x08002fc8                LL_GPIO_StructInit
 .text          0x08002fe0      0x21c build/stm32f4_HAL/stm32f4xx_ll_usart.o
                0x08002fe0                LL_USART_DeInit
                0x080030a0                LL_USART_Init
                0x0800319c                LL_USART_StructInit
                0x080031b4                LL_USART_ClockInit
                0x080031ee                LL_USART_ClockStructInit
 .text          0x080031fc      0x238 build/stm32f4_HAL/stm32f4xx_ll_dma.o
                0x080031fc                LL_DMA_DeInit
                0x0800338c                LL_DMA_Init
                0x08003410                LL_DMA_StructInit
 .text          0x08003434      0x604 build/stm32f4_HAL/stm32f4xx_ll_rcc.o
                0x08003444                LL_RCC_DeInit
                0x080034f4                LL_RCC_GetCECClockFreq
                0x08003524                RCC_GetHCLKClockFreq
                0x0800353c                RCC_GetPCLK1ClockFreq
                0x08003554                RCC_GetPCLK2ClockFreq
                0x0800356c                RCC_PLL_GetFreqDomain_SYS
                0x080035b4                RCC_GetSystemClockFreq
                0x080035e4                LL_RCC_GetSystemClocksFreq
                0x08003604                LL_RCC_GetFMPI2CClockFreq
                0x08003654                RCC_PLL_GetFreqDomain_48M
                0x08003690                RCC_PLL_GetFreqDomain_I2S
                0x080036cc                RCC_PLL_GetFreqDomain_SPDIFRX
                0x080036d0                RCC_PLL_GetFreqDomain_SAI
                0x080036d4                RCC_PLLSAI_GetFreqDomain_SAI
                0x08003724                RCC_PLLSAI_GetFreqDomain_48M
                0x08003768                LL_RCC_GetSDIOClockFreq
                0x080037b0                LL_RCC_GetUSBClockFreq
                0x080037e4                RCC_PLLI2S_GetFreqDomain_SAI
                0x08003834                LL_RCC_GetSAIClockFreq
                0x080038e8                RCC_PLLI2S_GetFreqDomain_SPDIFRX
                0x0800392c                LL_RCC_GetSPDIFRXClockFreq
                0x08003960                RCC_PLLI2S_GetFreqDomain_I2S
                0x080039a0                LL_RCC_GetI2SClockFreq
 .text          0x08003a38     0x31e0 build/stm32f4_HAL/stm32f4xx_hal_i2c.o
                0x08003e5c                HAL_I2C_MspInit
                0x08003e5e                HAL_I2C_Init
                0x08003fac                HAL_I2C_MspDeInit
                0x08003fae                HAL_I2C_DeInit
                0x08003fe0                HAL_I2C_Master_Transmit
                0x08004190                HAL_I2C_Master_Receive
                0x08004470                HAL_I2C_Slave_Transmit
                0x080045d0                HAL_I2C_Slave_Receive
                0x0800474c                HAL_I2C_Master_Transmit_IT
                0x080047fc                HAL_I2C_Master_Receive_IT
                0x080048b4                HAL_I2C_Slave_Transmit_IT
                0x08004924                HAL_I2C_Slave_Receive_IT
                0x08004994                HAL_I2C_Master_Transmit_DMA
                0x08004ac0                HAL_I2C_Master_Receive_DMA
                0x08004be8                HAL_I2C_Slave_Transmit_DMA
                0x08004ca8                HAL_I2C_Slave_Receive_DMA
                0x08004d68                HAL_I2C_Mem_Write
                0x08004e88                HAL_I2C_Mem_Read
                0x08005098                HAL_I2C_Mem_Write_IT
                0x08005154                HAL_I2C_Mem_Read_IT
                0x08005220                HAL_I2C_Mem_Write_DMA
                0x08005368                HAL_I2C_Mem_Read_DMA
                0x080054f4                HAL_I2C_IsDeviceReady
                0x08005654                HAL_I2C_Master_Seq_Transmit_IT
                0x08005724                HAL_I2C_Master_Seq_Transmit_DMA
                0x08005898                HAL_I2C_Master_Seq_Receive_IT
                0x080059a4                HAL_I2C_Master_Seq_Receive_DMA
                0x08005b70                HAL_I2C_Slave_Seq_Transmit_IT
                0x08005be6                HAL_I2C_Slave_Seq_Transmit_DMA
                0x08005d24                HAL_I2C_Slave_Seq_Receive_IT
                0x08005d9a                HAL_I2C_Slave_Seq_Receive_DMA
                0x08005ed8                HAL_I2C_EnableListen_IT
                0x08005f0e                HAL_I2C_DisableListen_IT
                0x08005f4c                HAL_I2C_MasterTxCpltCallback
                0x08005f4e                HAL_I2C_MasterRxCpltCallback
                0x08005f50                HAL_I2C_SlaveTxCpltCallback
                0x08005f52                HAL_I2C_SlaveRxCpltCallback
                0x08005f54                HAL_I2C_AddrCallback
                0x08005f56                HAL_I2C_ListenCpltCallback
                0x08005f58                HAL_I2C_MemTxCpltCallback
                0x08005f5a                HAL_I2C_MemRxCpltCallback
                0x08005f5c                HAL_I2C_ErrorCallback
                0x080060aa                HAL_I2C_AbortCpltCallback
                0x0800627c                HAL_I2C_Master_Abort_IT
                0x080062c8                HAL_I2C_EV_IRQHandler
                0x08006ad4                HAL_I2C_ER_IRQHandler
                0x08006c08                HAL_I2C_GetState
                0x08006c0e                HAL_I2C_GetMode
                0x08006c14                HAL_I2C_GetError
 .text          0x08006c18       0x7c build/stm32f4_HAL/stm32f4xx_hal_i2c_ex.o
                0x08006c18                HAL_I2CEx_ConfigAnalogFilter
                0x08006c56                HAL_I2CEx_ConfigDigitalFilter
 .text          0x08006c94     0x1dfc build/stm32f4_HAL/stm32f4xx_hal_tim.o
                0x08006db0                HAL_TIM_Base_MspInit
                0x08006db2                HAL_TIM_Base_MspDeInit
                0x08006db4                HAL_TIM_Base_DeInit
                0x08006dee                HAL_TIM_Base_Start
                0x08006e12                HAL_TIM_Base_Stop
                0x08006e40                HAL_TIM_Base_Start_IT
                0x08006e60                HAL_TIM_Base_Stop_IT
                0x08006e8a                HAL_TIM_Base_Start_DMA
                0x08006ef4                HAL_TIM_Base_Stop_DMA
                0x08006f30                HAL_TIM_OC_MspInit
                0x08006f32                HAL_TIM_OC_MspDeInit
                0x08006f34                HAL_TIM_OC_DeInit
                0x08006f70                HAL_TIM_PWM_MspDeInit
                0x08006f72                HAL_TIM_PWM_DeInit
                0x08006fac                HAL_TIM_IC_MspInit
                0x08006fae                HAL_TIM_IC_MspDeInit
                0x08006fb0                HAL_TIM_IC_DeInit
                0x08006fea                HAL_TIM_OnePulse_MspInit
                0x08006fec                HAL_TIM_OnePulse_MspDeInit
                0x08006fee                HAL_TIM_OnePulse_DeInit
                0x08007028                HAL_TIM_OnePulse_Start
                0x08007068                HAL_TIM_OnePulse_Stop
                0x080070d0                HAL_TIM_OnePulse_Start_IT
                0x08007120                HAL_TIM_OnePulse_Stop_IT
                0x08007198                HAL_TIM_Encoder_MspInit
                0x0800719a                HAL_TIM_Encoder_MspDeInit
                0x0800719c                HAL_TIM_Encoder_DeInit
                0x080071d6                HAL_TIM_Encoder_Start
                0x0800721a                HAL_TIM_Encoder_Stop
                0x08007262                HAL_TIM_Encoder_Start_IT
                0x080072d0                HAL_TIM_Encoder_Stop_IT
                0x08007344                HAL_TIM_Encoder_Start_DMA
                0x08007488                HAL_TIM_Encoder_Stop_DMA
                0x0800751a                HAL_TIM_DMABurst_WriteStart
                0x080075f8                HAL_TIM_DMABurst_WriteStop
                0x0800765c                HAL_TIM_DMABurst_ReadStart
                0x08007740                HAL_TIM_DMABurst_ReadStop
                0x08007744                HAL_TIM_GenerateEvent
                0x08007768                HAL_TIM_ConfigTI1Input
                0x08007778                HAL_TIM_ReadCapturedValue
                0x080077a4                HAL_TIM_PeriodElapsedCallback
                0x080077b6                HAL_TIM_PeriodElapsedHalfCpltCallback
                0x080077c8                HAL_TIM_OC_DelayElapsedCallback
                0x080077ca                HAL_TIM_IC_CaptureCallback
                0x080077cc                TIM_DMACaptureCplt
                0x08007808                HAL_TIM_IC_CaptureHalfCpltCallback
                0x0800780a                TIM_DMACaptureHalfCplt
                0x08007846                HAL_TIM_PWM_PulseFinishedCallback
                0x08007848                TIM_DMADelayPulseCplt
                0x08007884                HAL_TIM_PWM_PulseFinishedHalfCpltCallback
                0x08007886                TIM_DMADelayPulseHalfCplt
                0x080078c2                HAL_TIM_TriggerCallback
                0x080078c4                HAL_TIM_IRQHandler
                0x08007a18                HAL_TIM_TriggerHalfCpltCallback
                0x08007a2a                HAL_TIM_ErrorCallback
                0x08007a2c                TIM_DMAError
                0x08007a3c                HAL_TIM_Base_GetState
                0x08007a42                HAL_TIM_OC_GetState
                0x08007a48                HAL_TIM_PWM_GetState
                0x08007a4e                HAL_TIM_IC_GetState
                0x08007a54                HAL_TIM_OnePulse_GetState
                0x08007a5a                HAL_TIM_Encoder_GetState
                0x08007a60                TIM_Base_SetConfig
                0x08007b2c                HAL_TIM_Base_Init
                0x08007b60                HAL_TIM_OC_Init
                0x08007b94                HAL_TIM_PWM_Init
                0x08007bc8                HAL_TIM_IC_Init
                0x08007bfc                HAL_TIM_OnePulse_Init
                0x08007c42                HAL_TIM_Encoder_Init
                0x08007cd8                TIM_OC2_SetConfig
                0x08007d44                HAL_TIM_OC_ConfigChannel
                0x08007d9c                HAL_TIM_PWM_ConfigChannel
                0x08007e5c                TIM_TI1_SetConfig
                0x08007ed0                HAL_TIM_IC_ConfigChannel
                0x08007fe6                HAL_TIM_OnePulse_ConfigChannel
                0x080080dc                TIM_ETR_SetConfig
                0x080080f0                HAL_TIM_ConfigOCrefClear
                0x080081bc                HAL_TIM_ConfigClockSource
                0x0800838c                HAL_TIM_SlaveConfigSynchro
                0x080083da                HAL_TIM_SlaveConfigSynchro_IT
                0x08008428                TIM_CCxChannelCmd
                0x08008444                HAL_TIM_OC_Start
                0x08008484                HAL_TIM_PWM_Start
                0x08008488                HAL_TIM_OC_Stop
                0x080084e4                HAL_TIM_OC_Start_IT
                0x08008554                HAL_TIM_PWM_Start_IT
                0x08008558                HAL_TIM_OC_Stop_IT
                0x080085e8                HAL_TIM_PWM_Stop_IT
                0x080085ec                HAL_TIM_OC_Start_DMA
                0x080086fc                HAL_TIM_PWM_Start_DMA
                0x08008700                HAL_TIM_OC_Stop_DMA
                0x080087b0                HAL_TIM_PWM_Stop_DMA
                0x080087b4                HAL_TIM_PWM_Stop
                0x08008818                HAL_TIM_IC_Start
                0x0800883c                HAL_TIM_IC_Stop
                0x0800886a                HAL_TIM_IC_Start_IT
                0x080088c0                HAL_TIM_IC_Stop_IT
                0x08008920                HAL_TIM_IC_Start_DMA
                0x08008a10                HAL_TIM_IC_Stop_DMA
 .text          0x08008a90      0x820 build/stm32f4_HAL/stm32f4xx_hal_tim_ex.o
                0x08008aac                HAL_TIMEx_HallSensor_MspInit
                0x08008aae                HAL_TIMEx_HallSensor_Init
                0x08008b5c                HAL_TIMEx_HallSensor_MspDeInit
                0x08008b5e                HAL_TIMEx_HallSensor_DeInit
                0x08008b98                HAL_TIMEx_HallSensor_Start
                0x08008bbe                HAL_TIMEx_HallSensor_Stop
                0x08008bee                HAL_TIMEx_HallSensor_Start_IT
                0x08008c1c                HAL_TIMEx_HallSensor_Stop_IT
                0x08008c54                HAL_TIMEx_HallSensor_Start_DMA
                0x08008cd4                HAL_TIMEx_HallSensor_Stop_DMA
                0x08008d14                HAL_TIMEx_OCN_Start
                0x08008d40                HAL_TIMEx_OCN_Stop
                0x08008d8a                HAL_TIMEx_OCN_Start_IT
                0x08008de0                HAL_TIMEx_OCN_Stop_IT
                0x08008e5e                HAL_TIMEx_OCN_Start_DMA
                0x08008f30                HAL_TIMEx_OCN_Stop_DMA
                0x08008fb6                HAL_TIMEx_PWMN_Start
                0x08008fba                HAL_TIMEx_PWMN_Stop
                0x08008fbe                HAL_TIMEx_PWMN_Start_IT
                0x08008fc2                HAL_TIMEx_PWMN_Stop_IT
                0x08008fc6                HAL_TIMEx_PWMN_Start_DMA
                0x08008fca                HAL_TIMEx_PWMN_Stop_DMA
                0x08008fce                HAL_TIMEx_OnePulseN_Start
                0x08008fe8                HAL_TIMEx_OnePulseN_Stop
                0x08008fec                HAL_TIMEx_OnePulseN_Start_IT
                0x08009016                HAL_TIMEx_OnePulseN_Stop_IT
                0x08009070                HAL_TIMEx_ConfigCommutEvent
                0x080090ca                HAL_TIMEx_ConfigCommutEvent_IT
                0x08009124                HAL_TIMEx_ConfigCommutEvent_DMA
                0x08009198                HAL_TIMEx_MasterConfigSynchronization
                0x08009218                HAL_TIMEx_ConfigBreakDeadTime
                0x0800926a                HAL_TIMEx_RemapConfig
                0x08009284                HAL_TIMEx_CommutCallback
                0x08009286                TIMEx_DMACommutationCplt
                0x08009296                HAL_TIMEx_CommutHalfCpltCallback
                0x08009298                TIMEx_DMACommutationHalfCplt
                0x080092a8                HAL_TIMEx_BreakCallback
                0x080092aa                HAL_TIMEx_HallSensor_GetState
 .text          0x080092b0        0x0 build/stm32f4_HAL/stm32f4xx_hal_rtc.o
 .text          0x080092b0      0x6d0 build/stm32f4_HAL/stm32f4xx_hal_rcc.o
                0x080095fe                HAL_RCC_MCOConfig
                0x08009698                HAL_RCC_EnableCSS
                0x080096a4                HAL_RCC_DisableCSS
                0x0800970c                HAL_RCC_ClockConfig
                0x08009844                HAL_RCC_GetHCLKFreq
                0x08009850                HAL_RCC_GetPCLK1Freq
                0x08009870                HAL_RCC_GetPCLK2Freq
                0x08009924                HAL_RCC_GetClockConfig
                0x08009960                HAL_RCC_CSSCallback
                0x08009962                HAL_RCC_NMI_IRQHandler
 .text          0x08009980      0xdb4 build/stm32f4_HAL/stm32f4xx_hal_rcc_ex.o
                0x08009980                HAL_RCCEx_PeriphCLKConfig
                0x08009d8c                HAL_RCCEx_GetPeriphCLKConfig
                0x08009e88                HAL_RCCEx_GetPeriphCLKFreq
                0x0800a030                HAL_RCCEx_SelectLSEMode
                0x0800a048                HAL_RCCEx_EnablePLLI2S
                0x0800a0bc                HAL_RCCEx_DisablePLLI2S
                0x0800a0f0                HAL_RCCEx_EnablePLLSAI
                0x0800a15c                HAL_RCCEx_DisablePLLSAI
                0x0800a190                HAL_RCC_GetSysClockFreq
                0x0800a220                HAL_RCC_DeInit
                0x0800a374                HAL_RCC_OscConfig
                0x0800a698                HAL_RCC_GetOscConfig
 .text          0x0800a734      0x1ac build/stm32f4_HAL/stm32f4xx_hal_pwr.o
                0x0800a734                HAL_PWR_DeInit
                0x0800a74c                HAL_PWR_EnableBkUpAccess
                0x0800a758                HAL_PWR_DisableBkUpAccess
                0x0800a764                HAL_PWR_ConfigPVD
                0x0800a7d4                HAL_PWR_EnablePVD
                0x0800a7e0                HAL_PWR_DisablePVD
                0x0800a7ec                HAL_PWR_EnableWakeUpPin
                0x0800a7fc                HAL_PWR_DisableWakeUpPin
                0x0800a80c                HAL_PWR_EnterSLEEPMode
                0x0800a82c                HAL_PWR_EnterSTOPMode
                0x0800a864                HAL_PWR_EnterSTANDBYMode
                0x0800a884                HAL_PWR_PVDCallback
                0x0800a886                HAL_PWR_PVD_IRQHandler
                0x0800a8a0                HAL_PWR_EnableSleepOnExit
                0x0800a8b0                HAL_PWR_DisableSleepOnExit
                0x0800a8c0                HAL_PWR_EnableSEVOnPend
                0x0800a8d0                HAL_PWR_DisableSEVOnPend
 .text          0x0800a8e0      0x298 build/stm32f4_HAL/stm32f4xx_hal_pwr_ex.o
                0x0800a8e0                HAL_PWREx_EnableBkUpReg
                0x0800a914                HAL_PWREx_DisableBkUpReg
                0x0800a948                HAL_PWREx_EnableFlashPowerDown
                0x0800a954                HAL_PWREx_DisableFlashPowerDown
                0x0800a960                HAL_PWREx_GetVoltageRange
                0x0800a970                HAL_PWREx_ControlVoltageScaling
                0x0800aa20                HAL_PWREx_EnableOverDrive
                0x0800aa98                HAL_PWREx_DisableOverDrive
                0x0800ab10                HAL_PWREx_EnterUnderDriveSTOPMode
 .text          0x0800ab78      0x2d0 build/stm32f4_HAL/stm32f4xx_hal_cortex.o
                0x0800ab78                HAL_NVIC_SetPriorityGrouping
                0x0800ab9c                HAL_NVIC_SetPriority
                0x0800ac00                HAL_NVIC_EnableIRQ
                0x0800ac1c                HAL_NVIC_DisableIRQ
                0x0800ac44                HAL_NVIC_SystemReset
                0x0800ac68                HAL_SYSTICK_Config
                0x0800ac94                HAL_MPU_Disable
                0x0800acb4                HAL_MPU_Enable
                0x0800acd8                HAL_MPU_ConfigRegion
                0x0800ad30                HAL_NVIC_GetPriorityGrouping
                0x0800ad40                HAL_NVIC_GetPriority
                0x0800ad9c                HAL_NVIC_SetPendingIRQ
                0x0800adbc                HAL_NVIC_GetPendingIRQ
                0x0800ade0                HAL_NVIC_ClearPendingIRQ
                0x0800ae00                HAL_NVIC_GetActive
                0x0800ae24                HAL_SYSTICK_CLKSourceConfig
                0x0800ae3c                HAL_SYSTICK_Callback
                0x0800ae3e                HAL_SYSTICK_IRQHandler
 .text          0x0800ae48     0x1828 build/stm32f4_HAL/stm32f4xx_hal_spi.o
                0x0800afec                HAL_SPI_MspInit
                0x0800afee                HAL_SPI_Init
                0x0800b072                HAL_SPI_MspDeInit
                0x0800b074                HAL_SPI_DeInit
                0x0800b0a0                HAL_SPI_Transmit
                0x0800b21a                HAL_SPI_TransmitReceive
                0x0800b49a                HAL_SPI_Receive
                0x0800b65a                HAL_SPI_Transmit_IT
                0x0800b700                HAL_SPI_TransmitReceive_IT
                0x0800b7c8                HAL_SPI_Receive_IT
                0x0800b890                HAL_SPI_Transmit_DMA
                0x0800b968                HAL_SPI_TransmitReceive_DMA
                0x0800ba8c                HAL_SPI_Receive_DMA
                0x0800bb90                HAL_SPI_Abort
                0x0800bcb8                HAL_SPI_DMAPause
                0x0800bcd8                HAL_SPI_DMAResume
                0x0800bcf8                HAL_SPI_DMAStop
                0x0800bd3e                HAL_SPI_TxCpltCallback
                0x0800bd40                HAL_SPI_RxCpltCallback
                0x0800bd42                HAL_SPI_TxRxCpltCallback
                0x0800bd44                HAL_SPI_TxHalfCpltCallback
                0x0800bd50                HAL_SPI_RxHalfCpltCallback
                0x0800bd5c                HAL_SPI_TxRxHalfCpltCallback
                0x0800bd68                HAL_SPI_ErrorCallback
                0x0800c32a                HAL_SPI_IRQHandler
                0x0800c444                HAL_SPI_AbortCpltCallback
                0x0800c446                HAL_SPI_Abort_IT
                0x0800c664                HAL_SPI_GetState
                0x0800c66a                HAL_SPI_GetError
 .text          0x0800c670        0x0 build/FreeRTOS/croutine.o
 .text          0x0800c670      0x274 build/FreeRTOS/event_groups.o
                0x0800c670                xEventGroupCreateStatic
                0x0800c688                xEventGroupCreate
                0x0800c6a4                xEventGroupWaitBits
                0x0800c75c                xEventGroupClearBits
                0x0800c776                vEventGroupClearBitsCallback
                0x0800c77a                xEventGroupClearBitsFromISR
                0x0800c78c                xEventGroupGetBitsFromISR
                0x0800c7a8                xEventGroupSetBits
                0x0800c804                xEventGroupSync
                0x0800c898                vEventGroupSetBitsCallback
                0x0800c89c                vEventGroupDelete
                0x0800c8c6                xEventGroupSetBitsFromISR
                0x0800c8d8                uxEventGroupGetNumber
                0x0800c8de                vEventGroupSetNumber
 .text          0x0800c8e4       0x82 build/FreeRTOS/list.o
                0x0800c8e4                vListInitialise
                0x0800c8fa                vListInitialiseItem
                0x0800c900                vListInsertEnd
                0x0800c918                vListInsert
                0x0800c946                uxListRemove
 *fill*         0x0800c966        0x2 
 .text          0x0800c968      0x8fc build/FreeRTOS/queue.o
                0x0800ca84                xQueueGenericReset
                0x0800caf0                xQueueGenericCreateStatic
                0x0800cb1c                xQueueGenericCreate
                0x0800cb56                xQueueGetMutexHolder
                0x0800cb70                xQueueGetMutexHolderFromISR
                0x0800cb7c                xQueueCreateCountingSemaphoreStatic
                0x0800cb96                xQueueCreateCountingSemaphore
                0x0800cba8                xQueueGenericSend
                0x0800ccac                xQueueCreateMutexStatic
                0x0800ccd6                xQueueGiveMutexRecursive
                0x0800ccfe                xQueueCreateMutex
                0x0800cd22                xQueueGenericSendFromISR
                0x0800cd8a                xQueueGiveFromISR
                0x0800cde6                xQueueReceive
                0x0800ced8                xQueueSemaphoreTake
                0x0800d000                xQueueTakeMutexRecursive
                0x0800d030                xQueuePeek
                0x0800d120                xQueueReceiveFromISR
                0x0800d188                xQueuePeekFromISR
                0x0800d1b8                uxQueueMessagesWaiting
                0x0800d1ce                uxQueueSpacesAvailable
                0x0800d1e8                uxQueueMessagesWaitingFromISR
                0x0800d1ec                vQueueDelete
                0x0800d1f8                uxQueueGetQueueNumber
                0x0800d1fc                vQueueSetQueueNumber
                0x0800d200                ucQueueGetQueueType
                0x0800d206                xQueueIsQueueEmptyFromISR
                0x0800d210                xQueueIsQueueFullFromISR
                0x0800d21c                vQueueWaitForMessageRestricted
 .text          0x0800d264     0x1264 build/FreeRTOS/tasks.o
                0x0800d524                xTaskCreateStatic
                0x0800d558                xTaskCreate
                0x0800d5b4                vTaskDelete
                0x0800d638                eTaskGetState
                0x0800d694                uxTaskPriorityGet
                0x0800d6b4                uxTaskPriorityGetFromISR
                0x0800d6dc                vTaskPrioritySet
                0x0800d78c                vTaskResume
                0x0800d810                xTaskResumeFromISR
                0x0800d898                vTaskStartScheduler
                0x0800d910                vTaskEndScheduler
                0x0800d930                vTaskSuspendAll
                0x0800d944                xTaskGetTickCount
                0x0800d950                xTaskGetTickCountFromISR
                0x0800d95c                uxTaskGetNumberOfTasks
                0x0800d968                pcTaskGetName
                0x0800d978                xTaskIncrementTick
                0x0800da58                xTaskResumeAll
                0x0800db1c                vTaskDelayUntil
                0x0800db6c                vTaskDelay
                0x0800db9c                vTaskSwitchContext
                0x0800dc00                vTaskSuspend
                0x0800dc90                vTaskPlaceOnEventList
                0x0800dcac                vTaskPlaceOnUnorderedEventList
                0x0800dcd4                vTaskPlaceOnEventListRestricted
                0x0800dcfc                xTaskRemoveFromEventList
                0x0800dd64                vTaskRemoveFromUnorderedEventList
                0x0800ddb8                vTaskSetTimeOutState
                0x0800dddc                vTaskInternalSetTimeOutState
                0x0800ddf0                xTaskCheckForTimeOut
                0x0800de40                vTaskMissedYield
                0x0800de50                uxTaskGetTaskNumber
                0x0800de56                vTaskSetTaskNumber
                0x0800de5c                vTaskGetInfo
                0x0800df36                uxTaskGetSystemState
                0x0800dfcc                uxTaskGetStackHighWaterMark
                0x0800dfec                xTaskGetCurrentTaskHandle
                0x0800dff8                xTaskGetSchedulerState
                0x0800e018                xTaskPriorityInherit
                0x0800e09c                xTaskPriorityDisinherit
                0x0800e0f8                vTaskPriorityDisinheritAfterTimeout
                0x0800e168                uxTaskResetEventItemValue
                0x0800e180                pvTaskIncrementMutexHeldCount
                0x0800e198                ulTaskNotifyTake
                0x0800e204                xTaskNotifyWait
                0x0800e298                xTaskGenericNotify
                0x0800e348                xTaskGenericNotifyFromISR
                0x0800e408                vTaskNotifyGiveFromISR
                0x0800e49c                xTaskNotifyStateClear
 .text          0x0800e4c8      0x430 build/FreeRTOS/timers.o
                0x0800e544                xTimerCreateTimerTask
                0x0800e594                xTimerCreate
                0x0800e5ce                xTimerCreateStatic
                0x0800e602                xTimerGenericCommand
                0x0800e844                xTimerGetTimerDaemonTaskHandle
                0x0800e850                xTimerGetPeriod
                0x0800e854                xTimerGetExpiryTime
                0x0800e858                pcTimerGetName
                0x0800e85c                xTimerIsTimerActive
                0x0800e878                pvTimerGetTimerID
                0x0800e88e                vTimerSetTimerID
                0x0800e8a2                xTimerPendFunctionCallFromISR
                0x0800e8c8                xTimerPendFunctionCall
                0x0800e8f0                uxTimerGetTimerNumber
                0x0800e8f4                vTimerSetTimerNumber
 .text          0x0800e8f8      0x4fe build/FreeRTOS/stream_buffer.o
                0x0800e9e2                xStreamBufferGenericCreate
                0x0800ea1a                xStreamBufferGenericCreateStatic
                0x0800ea5c                vStreamBufferDelete
                0x0800ea6e                xStreamBufferReset
                0x0800eab0                xStreamBufferSetTriggerLevel
                0x0800eac4                xStreamBufferSpacesAvailable
                0x0800ead8                xStreamBufferBytesAvailable
                0x0800eada                xStreamBufferSend
                0x0800ebba                xStreamBufferSendFromISR
                0x0800ec4e                xStreamBufferReceive
                0x0800ece6                xStreamBufferReceiveFromISR
                0x0800ed4e                xStreamBufferIsEmpty
                0x0800ed5a                xStreamBufferIsFull
                0x0800ed76                xStreamBufferSendCompletedFromISR
                0x0800edae                xStreamBufferReceiveCompletedFromISR
                0x0800ede6                uxStreamBufferGetStreamBufferNumber
                0x0800edea                vStreamBufferSetStreamBufferNumber
                0x0800edee                ucStreamBufferGetStreamBufferType
 *fill*         0x0800edf6        0x2 
 .text          0x0800edf8     0x1230 build/FreeRTOS/cmsis_os2.o
                0x0800ee0c                SysTick_Handler
                0x0800ee18                osKernelInitialize
                0x0800ee50                osKernelGetInfo
                0x0800ee7c                osKernelGetState
                0x0800ee9c                osKernelStart
                0x0800eedc                osKernelLock
                0x0800ef24                osKernelUnlock
                0x0800ef78                osKernelRestoreLock
                0x0800efd8                osKernelGetTickCount
                0x0800f004                osKernelGetTickFreq
                0x0800f00a                osKernelGetSysTimerCount
                0x0800f046                osKernelGetSysTimerFreq
                0x0800f050                osThreadNew
                0x0800f108                osThreadGetName
                0x0800f130                osThreadGetId
                0x0800f158                osThreadGetState
                0x0800f198                osThreadGetStackSpace
                0x0800f1c0                osThreadSetPriority
                0x0800f200                osThreadGetPriority
                0x0800f22c                osThreadYield
                0x0800f26c                osThreadSuspend
                0x0800f2a8                osThreadResume
                0x0800f2e4                osThreadExit
                0x0800f2ee                osThreadTerminate
                0x0800f33c                osThreadGetCount
                0x0800f364                osThreadEnumerate
                0x0800f3e8                osThreadFlagsSet
                0x0800f47c                osThreadFlagsClear
                0x0800f4e8                osThreadFlagsGet
                0x0800f534                osThreadFlagsWait
                0x0800f5e8                osDelay
                0x0800f620                osDelayUntil
                0x0800f664                osTimerNew
                0x0800f6ec                osTimerGetName
                0x0800f714                osTimerStart
                0x0800f764                osTimerStop
                0x0800f7c0                osTimerIsRunning
                0x0800f7e8                osTimerDelete
                0x0800f84c                osEventFlagsNew
                0x0800f888                osEventFlagsSet
                0x0800f8f8                osEventFlagsClear
                0x0800f958                osEventFlagsGet
                0x0800f990                osEventFlagsWait
                0x0800fa00                osEventFlagsDelete
                0x0800fa3c                osMutexNew
                0x0800fab0                osMutexAcquire
                0x0800fb14                osMutexRelease
                0x0800fb6c                osMutexGetOwner
                0x0800fb98                osMutexDelete
                0x0800fbd8                osSemaphoreNew
                0x0800fc78                osSemaphoreAcquire
                0x0800fcf0                osSemaphoreRelease
                0x0800fd60                osSemaphoreGetCount
                0x0800fd94                osSemaphoreDelete
                0x0800fdd0                osMessageQueueNew
                0x0800fe48                osMessageQueuePut
                0x0800fed0                osMessageQueueGet
                0x0800ff54                osMessageQueueGetCapacity
                0x0800ff5a                osMessageQueueGetMsgSize
                0x0800ff60                osMessageQueueGetCount
                0x0800ff64                osMessageQueueGetSpace
                0x0800ffb0                osMessageQueueReset
                0x0800ffec                osMessageQueueDelete
                0x0800fff0                vApplicationGetIdleTaskMemory
                0x0801000c                vApplicationGetTimerTaskMemory
 .text          0x08010028        0x4 build/FreeRTOS/clib_arm.o
                0x08010028                software_init_hook
 .text          0x0801002c       0xe0 build/FreeRTOS/os_systick.o
                0x0801002c                OS_Tick_Setup
                0x0801006c                OS_Tick_Enable
                0x08010098                OS_Tick_Disable
                0x080100c4                OS_Tick_AcknowledgeIRQ
                0x080100d0                OS_Tick_GetIRQn
                0x080100d6                OS_Tick_GetClock
                0x080100e0                OS_Tick_GetInterval
                0x080100ec                OS_Tick_GetCount
                0x080100fc                OS_Tick_GetOverflow
 .text          0x0801010c       0x8c build/FreeRTOS/heap_useNewlib.o
                0x0801010c                sbrk
                0x0801015c                _sbrk
                0x08010160                __malloc_lock
                0x08010164                __malloc_unlock
                0x08010168                __env_lock
                0x0801016c                __env_unlock
                0x08010170                pvPortMalloc
                0x08010174                vPortFree
                0x08010178                xPortGetFreeHeapSize
                0x08010194                vPortInitialiseBlocks
 *fill*         0x08010198        0x8 
 .text          0x080101a0      0x1f8 build/FreeRTOS/port.o
                0x080101f0                pxPortInitialiseStack
                0x0801021c                SVC_Handler
                0x08010244                vPortEndScheduler
                0x08010246                vPortEnterCritical
                0x08010264                vPortExitCritical
                0x08010278                PendSV_Handler
                0x080102e4                xPortSysTickHandler
                0x08010314                vPortSetupTimerInterrupt
                0x08010348                xPortStartScheduler
 .text          0x08010398       0xa0 d:/toolchain/gcc-arm-none-eabi/bin/../lib/gcc/arm-none-eabi/9.2.1/thumb/v7e-m+fp/hard\libgcc.a(_aeabi_ldivmod.o)
                0x08010398                __aeabi_ldivmod
 .text          0x08010438       0x30 d:/toolchain/gcc-arm-none-eabi/bin/../lib/gcc/arm-none-eabi/9.2.1/thumb/v7e-m+fp/hard\libgcc.a(_aeabi_uldivmod.o)
                0x08010438                __aeabi_uldivmod
 .text          0x08010468      0x2c4 d:/toolchain/gcc-arm-none-eabi/bin/../lib/gcc/arm-none-eabi/9.2.1/thumb/v7e-m+fp/hard\libgcc.a(_udivmoddi4.o)
                0x08010468                __udivmoddi4
 .text          0x0801072c        0x4 d:/toolchain/gcc-arm-none-eabi/bin/../lib/gcc/arm-none-eabi/9.2.1/thumb/v7e-m+fp/hard\libgcc.a(_dvmd_tls.o)
                0x0801072c                __aeabi_idiv0
                0x0801072c                __aeabi_ldiv0
 .text          0x08010730        0x0 d:/toolchain/gcc-arm-none-eabi/bin/../lib/gcc/arm-none-eabi/9.2.1/../../../../arm-none-eabi/lib/thumb/v7e-m+fp/hard\libc_nano.a(lib_a-atoi.o)
 .text          0x08010730        0x0 d:/toolchain/gcc-arm-none-eabi/bin/../lib/gcc/arm-none-eabi/9.2.1/../../../../arm-none-eabi/lib/thumb/v7e-m+fp/hard\libc_nano.a(lib_a-ctype_.o)
 .text          0x08010730        0x0 d:/toolchain/gcc-arm-none-eabi/bin/../lib/gcc/arm-none-eabi/9.2.1/../../../../arm-none-eabi/lib/thumb/v7e-m+fp/hard\libc_nano.a(lib_a-exit.o)
 .text          0x08010730        0x0 d:/toolchain/gcc-arm-none-eabi/bin/../lib/gcc/arm-none-eabi/9.2.1/../../../../arm-none-eabi/lib/thumb/v7e-m+fp/hard\libc_nano.a(lib_a-getchar.o)
 .text          0x08010730        0x0 d:/toolchain/gcc-arm-none-eabi/bin/../lib/gcc/arm-none-eabi/9.2.1/../../../../arm-none-eabi/lib/thumb/v7e-m+fp/hard\libc_nano.a(lib_a-impure.o)
 .text          0x08010730        0x0 d:/toolchain/gcc-arm-none-eabi/bin/../lib/gcc/arm-none-eabi/9.2.1/../../../../arm-none-eabi/lib/thumb/v7e-m+fp/hard\libc_nano.a(lib_a-init.o)
 .text          0x08010730        0x0 d:/toolchain/gcc-arm-none-eabi/bin/../lib/gcc/arm-none-eabi/9.2.1/../../../../arm-none-eabi/lib/thumb/v7e-m+fp/hard\libc_nano.a(lib_a-malloc.o)
 .text          0x08010730        0x0 d:/toolchain/gcc-arm-none-eabi/bin/../lib/gcc/arm-none-eabi/9.2.1/../../../../arm-none-eabi/lib/thumb/v7e-m+fp/hard\libc_nano.a(lib_a-memcpy-stub.o)
 .text          0x08010730        0x0 d:/toolchain/gcc-arm-none-eabi/bin/../lib/gcc/arm-none-eabi/9.2.1/../../../../arm-none-eabi/lib/thumb/v7e-m+fp/hard\libc_nano.a(lib_a-memset.o)
 .text          0x08010730        0x0 d:/toolchain/gcc-arm-none-eabi/bin/../lib/gcc/arm-none-eabi/9.2.1/../../../../arm-none-eabi/lib/thumb/v7e-m+fp/hard\libc_nano.a(lib_a-mstats.o)
 .text          0x08010730        0x0 d:/toolchain/gcc-arm-none-eabi/bin/../lib/gcc/arm-none-eabi/9.2.1/../../../../arm-none-eabi/lib/thumb/v7e-m+fp/hard\libc_nano.a(lib_a-nano-freer.o)
 .text          0x08010730        0x0 d:/toolchain/gcc-arm-none-eabi/bin/../lib/gcc/arm-none-eabi/9.2.1/../../../../arm-none-eabi/lib/thumb/v7e-m+fp/hard\libc_nano.a(lib_a-nano-mallinfor.o)
 .text          0x08010730        0x0 d:/toolchain/gcc-arm-none-eabi/bin/../lib/gcc/arm-none-eabi/9.2.1/../../../../arm-none-eabi/lib/thumb/v7e-m+fp/hard\libc_nano.a(lib_a-nano-mallocr.o)
 .text          0x08010730        0x0 d:/toolchain/gcc-arm-none-eabi/bin/../lib/gcc/arm-none-eabi/9.2.1/../../../../arm-none-eabi/lib/thumb/v7e-m+fp/hard\libc_nano.a(lib_a-nano-malloptr.o)
 .text          0x08010730        0x0 d:/toolchain/gcc-arm-none-eabi/bin/../lib/gcc/arm-none-eabi/9.2.1/../../../../arm-none-eabi/lib/thumb/v7e-m+fp/hard\libc_nano.a(lib_a-nano-mallstatsr.o)
 .text          0x08010730        0x0 d:/toolchain/gcc-arm-none-eabi/bin/../lib/gcc/arm-none-eabi/9.2.1/../../../../arm-none-eabi/lib/thumb/v7e-m+fp/hard\libc_nano.a(lib_a-nano-vfprintf_float.o)
 .text          0x08010730        0x0 d:/toolchain/gcc-arm-none-eabi/bin/../lib/gcc/arm-none-eabi/9.2.1/../../../../arm-none-eabi/lib/thumb/v7e-m+fp/hard\libc_nano.a(lib_a-nano-vfprintf_i.o)
 .text          0x08010730        0x0 d:/toolchain/gcc-arm-none-eabi/bin/../lib/gcc/arm-none-eabi/9.2.1/../../../../arm-none-eabi/lib/thumb/v7e-m+fp/hard\libc_nano.a(lib_a-nano-vfscanf_float.o)
 .text          0x08010730        0x0 d:/toolchain/gcc-arm-none-eabi/bin/../lib/gcc/arm-none-eabi/9.2.1/../../../../arm-none-eabi/lib/thumb/v7e-m+fp/hard\libc_nano.a(lib_a-printf.o)
 .text          0x08010730        0x0 d:/toolchain/gcc-arm-none-eabi/bin/../lib/gcc/arm-none-eabi/9.2.1/../../../../arm-none-eabi/lib/thumb/v7e-m+fp/hard\libc_nano.a(lib_a-reent.o)
 .text          0x08010730        0x0 d:/toolchain/gcc-arm-none-eabi/bin/../lib/gcc/arm-none-eabi/9.2.1/../../../../arm-none-eabi/lib/thumb/v7e-m+fp/hard\libc_nano.a(lib_a-sbrkr.o)
 .text          0x08010730        0x0 d:/toolchain/gcc-arm-none-eabi/bin/../lib/gcc/arm-none-eabi/9.2.1/../../../../arm-none-eabi/lib/thumb/v7e-m+fp/hard\libc_nano.a(lib_a-setvbuf.o)
 .text          0x08010730        0x0 d:/toolchain/gcc-arm-none-eabi/bin/../lib/gcc/arm-none-eabi/9.2.1/../../../../arm-none-eabi/lib/thumb/v7e-m+fp/hard\libc_nano.a(lib_a-sf_nan.o)
 .text          0x08010730        0x0 d:/toolchain/gcc-arm-none-eabi/bin/../lib/gcc/arm-none-eabi/9.2.1/../../../../arm-none-eabi/lib/thumb/v7e-m+fp/hard\libc_nano.a(lib_a-sprintf.o)
 .text          0x08010730       0x14 d:/toolchain/gcc-arm-none-eabi/bin/../lib/gcc/arm-none-eabi/9.2.1/../../../../arm-none-eabi/lib/thumb/v7e-m+fp/hard\libc_nano.a(lib_a-strcmp.o)
                0x08010730                strcmp
 .text          0x08010744       0x10 d:/toolchain/gcc-arm-none-eabi/bin/../lib/gcc/arm-none-eabi/9.2.1/../../../../arm-none-eabi/lib/thumb/v7e-m+fp/hard\libc_nano.a(lib_a-strlen.o)
                0x08010744                strlen
 .text          0x08010754        0x0 d:/toolchain/gcc-arm-none-eabi/bin/../lib/gcc/arm-none-eabi/9.2.1/../../../../arm-none-eabi/lib/thumb/v7e-m+fp/hard\libc_nano.a(lib_a-strtod.o)
 .text          0x08010754        0x0 d:/toolchain/gcc-arm-none-eabi/bin/../lib/gcc/arm-none-eabi/9.2.1/../../../../arm-none-eabi/lib/thumb/v7e-m+fp/hard\libc_nano.a(lib_a-strtol.o)
 .text          0x08010754        0x0 d:/toolchain/gcc-arm-none-eabi/bin/../lib/gcc/arm-none-eabi/9.2.1/../../../../arm-none-eabi/lib/thumb/v7e-m+fp/hard\libc_nano.a(lib_a-vprintf.o)
 .text          0x08010754        0x0 d:/toolchain/gcc-arm-none-eabi/bin/../lib/gcc/arm-none-eabi/9.2.1/../../../../arm-none-eabi/lib/thumb/v7e-m+fp/hard\libc_nano.a(lib_a-dtoa.o)
 .text          0x08010754        0x0 d:/toolchain/gcc-arm-none-eabi/bin/../lib/gcc/arm-none-eabi/9.2.1/../../../../arm-none-eabi/lib/thumb/v7e-m+fp/hard\libc_nano.a(lib_a-fflush.o)
 .text          0x08010754        0x0 d:/toolchain/gcc-arm-none-eabi/bin/../lib/gcc/arm-none-eabi/9.2.1/../../../../arm-none-eabi/lib/thumb/v7e-m+fp/hard\libc_nano.a(lib_a-findfp.o)
 .text          0x08010754        0x0 d:/toolchain/gcc-arm-none-eabi/bin/../lib/gcc/arm-none-eabi/9.2.1/../../../../arm-none-eabi/lib/thumb/v7e-m+fp/hard\libc_nano.a(lib_a-fprintf.o)
 .text          0x08010754        0x0 d:/toolchain/gcc-arm-none-eabi/bin/../lib/gcc/arm-none-eabi/9.2.1/../../../../arm-none-eabi/lib/thumb/v7e-m+fp/hard\libc_nano.a(lib_a-fwalk.o)
 .text          0x08010754        0x0 d:/toolchain/gcc-arm-none-eabi/bin/../lib/gcc/arm-none-eabi/9.2.1/../../../../arm-none-eabi/lib/thumb/v7e-m+fp/hard\libc_nano.a(lib_a-gdtoa-gethex.o)
 .text          0x08010754        0x0 d:/toolchain/gcc-arm-none-eabi/bin/../lib/gcc/arm-none-eabi/9.2.1/../../../../arm-none-eabi/lib/thumb/v7e-m+fp/hard\libc_nano.a(lib_a-gdtoa-hexnan.o)
 .text          0x08010754        0x0 d:/toolchain/gcc-arm-none-eabi/bin/../lib/gcc/arm-none-eabi/9.2.1/../../../../arm-none-eabi/lib/thumb/v7e-m+fp/hard\libc_nano.a(lib_a-getc.o)
 .text          0x08010754        0x0 d:/toolchain/gcc-arm-none-eabi/bin/../lib/gcc/arm-none-eabi/9.2.1/../../../../arm-none-eabi/lib/thumb/v7e-m+fp/hard\libc_nano.a(lib_a-lnumeric.o)
 .text          0x08010754        0x0 d:/toolchain/gcc-arm-none-eabi/bin/../lib/gcc/arm-none-eabi/9.2.1/../../../../arm-none-eabi/lib/thumb/v7e-m+fp/hard\libc_nano.a(lib_a-locale.o)
 .text          0x08010754        0x0 d:/toolchain/gcc-arm-none-eabi/bin/../lib/gcc/arm-none-eabi/9.2.1/../../../../arm-none-eabi/lib/thumb/v7e-m+fp/hard\libc_nano.a(lib_a-localeconv.o)
 .text          0x08010754        0x0 d:/toolchain/gcc-arm-none-eabi/bin/../lib/gcc/arm-none-eabi/9.2.1/../../../../arm-none-eabi/lib/thumb/v7e-m+fp/hard\libc_nano.a(lib_a-lock.o)
 .text          0x08010754        0x0 d:/toolchain/gcc-arm-none-eabi/bin/../lib/gcc/arm-none-eabi/9.2.1/../../../../arm-none-eabi/lib/thumb/v7e-m+fp/hard\libc_nano.a(lib_a-makebuf.o)
 .text          0x08010754        0x0 d:/toolchain/gcc-arm-none-eabi/bin/../lib/gcc/arm-none-eabi/9.2.1/../../../../arm-none-eabi/lib/thumb/v7e-m+fp/hard\libc_nano.a(lib_a-mbtowc_r.o)
 *fill*         0x08010754        0xc 
 .text          0x08010760       0xa0 d:/toolchain/gcc-arm-none-eabi/bin/../lib/gcc/arm-none-eabi/9.2.1/../../../../arm-none-eabi/lib/thumb/v7e-m+fp/hard\libc_nano.a(lib_a-memchr.o)
                0x08010760                memchr
 .text          0x08010800        0x0 d:/toolchain/gcc-arm-none-eabi/bin/../lib/gcc/arm-none-eabi/9.2.1/../../../../arm-none-eabi/lib/thumb/v7e-m+fp/hard\libc_nano.a(lib_a-mprec.o)
 .text          0x08010800        0x0 d:/toolchain/gcc-arm-none-eabi/bin/../lib/gcc/arm-none-eabi/9.2.1/../../../../arm-none-eabi/lib/thumb/v7e-m+fp/hard\libc_nano.a(lib_a-nano-callocr.o)
 .text          0x08010800        0x0 d:/toolchain/gcc-arm-none-eabi/bin/../lib/gcc/arm-none-eabi/9.2.1/../../../../arm-none-eabi/lib/thumb/v7e-m+fp/hard\libc_nano.a(lib_a-nano-svfprintf.o)
 .text          0x08010800        0x0 d:/toolchain/gcc-arm-none-eabi/bin/../lib/gcc/arm-none-eabi/9.2.1/../../../../arm-none-eabi/lib/thumb/v7e-m+fp/hard\libc_nano.a(lib_a-nano-vfprintf.o)
 .text          0x08010800        0x0 d:/toolchain/gcc-arm-none-eabi/bin/../lib/gcc/arm-none-eabi/9.2.1/../../../../arm-none-eabi/lib/thumb/v7e-m+fp/hard\libc_nano.a(lib_a-rget.o)
 .text          0x08010800        0x0 d:/toolchain/gcc-arm-none-eabi/bin/../lib/gcc/arm-none-eabi/9.2.1/../../../../arm-none-eabi/lib/thumb/v7e-m+fp/hard\libc_nano.a(lib_a-s_nan.o)
 .text          0x08010800        0x0 d:/toolchain/gcc-arm-none-eabi/bin/../lib/gcc/arm-none-eabi/9.2.1/../../../../arm-none-eabi/lib/thumb/v7e-m+fp/hard\libc_nano.a(lib_a-stdio.o)
 .text          0x08010800        0x0 d:/toolchain/gcc-arm-none-eabi/bin/../lib/gcc/arm-none-eabi/9.2.1/../../../../arm-none-eabi/lib/thumb/v7e-m+fp/hard\libc_nano.a(lib_a-strncmp.o)
 .text          0x08010800        0x0 d:/toolchain/gcc-arm-none-eabi/bin/../lib/gcc/arm-none-eabi/9.2.1/../../../../arm-none-eabi/lib/thumb/v7e-m+fp/hard\libc_nano.a(lib_a-wbuf.o)
 .text          0x08010800        0x0 d:/toolchain/gcc-arm-none-eabi/bin/../lib/gcc/arm-none-eabi/9.2.1/../../../../arm-none-eabi/lib/thumb/v7e-m+fp/hard\libc_nano.a(lib_a-wctomb_r.o)
 .text          0x08010800        0x0 d:/toolchain/gcc-arm-none-eabi/bin/../lib/gcc/arm-none-eabi/9.2.1/../../../../arm-none-eabi/lib/thumb/v7e-m+fp/hard\libc_nano.a(lib_a-writer.o)
 .text          0x08010800        0x0 d:/toolchain/gcc-arm-none-eabi/bin/../lib/gcc/arm-none-eabi/9.2.1/../../../../arm-none-eabi/lib/thumb/v7e-m+fp/hard\libc_nano.a(lib_a-wsetup.o)
 .text          0x08010800        0x0 d:/toolchain/gcc-arm-none-eabi/bin/../lib/gcc/arm-none-eabi/9.2.1/../../../../arm-none-eabi/lib/thumb/v7e-m+fp/hard\libc_nano.a(lib_a-closer.o)
 .text          0x08010800        0x0 d:/toolchain/gcc-arm-none-eabi/bin/../lib/gcc/arm-none-eabi/9.2.1/../../../../arm-none-eabi/lib/thumb/v7e-m+fp/hard\libc_nano.a(lib_a-fstatr.o)
 .text          0x08010800        0x0 d:/toolchain/gcc-arm-none-eabi/bin/../lib/gcc/arm-none-eabi/9.2.1/../../../../arm-none-eabi/lib/thumb/v7e-m+fp/hard\libc_nano.a(lib_a-fvwrite.o)
 .text          0x08010800        0x0 d:/toolchain/gcc-arm-none-eabi/bin/../lib/gcc/arm-none-eabi/9.2.1/../../../../arm-none-eabi/lib/thumb/v7e-m+fp/hard\libc_nano.a(lib_a-isattyr.o)
 .text          0x08010800        0x0 d:/toolchain/gcc-arm-none-eabi/bin/../lib/gcc/arm-none-eabi/9.2.1/../../../../arm-none-eabi/lib/thumb/v7e-m+fp/hard\libc_nano.a(lib_a-lseekr.o)
 .text          0x08010800        0x0 d:/toolchain/gcc-arm-none-eabi/bin/../lib/gcc/arm-none-eabi/9.2.1/../../../../arm-none-eabi/lib/thumb/v7e-m+fp/hard\libc_nano.a(lib_a-memmove.o)
 .text          0x08010800        0x0 d:/toolchain/gcc-arm-none-eabi/bin/../lib/gcc/arm-none-eabi/9.2.1/../../../../arm-none-eabi/lib/thumb/v7e-m+fp/hard\libc_nano.a(lib_a-nano-reallocr.o)
 .text          0x08010800        0x0 d:/toolchain/gcc-arm-none-eabi/bin/../lib/gcc/arm-none-eabi/9.2.1/../../../../arm-none-eabi/lib/thumb/v7e-m+fp/hard\libc_nano.a(lib_a-readr.o)
 .text          0x08010800        0x0 d:/toolchain/gcc-arm-none-eabi/bin/../lib/gcc/arm-none-eabi/9.2.1/../../../../arm-none-eabi/lib/thumb/v7e-m+fp/hard\libc_nano.a(lib_a-refill.o)
 .text          0x08010800        0x0 d:/toolchain/gcc-arm-none-eabi/bin/../lib/gcc/arm-none-eabi/9.2.1/../../../../arm-none-eabi/lib/thumb/v7e-m+fp/hard\libc_nano.a(lib_a-nano-msizer.o)
 .text          0x08010800      0x254 d:/toolchain/gcc-arm-none-eabi/bin/../lib/gcc/arm-none-eabi/9.2.1/thumb/v7e-m+fp/hard\libgcc.a(_arm_muldf3.o)
 .text          0x08010a54      0x378 d:/toolchain/gcc-arm-none-eabi/bin/../lib/gcc/arm-none-eabi/9.2.1/thumb/v7e-m+fp/hard\libgcc.a(_arm_addsubdf3.o)
                0x08010a54                __aeabi_drsub
                0x08010a5c                __aeabi_dsub
                0x08010a5c                __subdf3
                0x08010a60                __aeabi_dadd
                0x08010a60                __adddf3
                0x08010cd8                __floatunsidf
                0x08010cd8                __aeabi_ui2d
                0x08010cf8                __floatsidf
                0x08010cf8                __aeabi_i2d
                0x08010d1c                __aeabi_f2d
                0x08010d1c                __extendsfdf2
                0x08010d60                __floatundidf
                0x08010d60                __aeabi_ul2d
                0x08010d70                __floatdidf
                0x08010d70                __aeabi_l2d
 .text          0x08010dcc      0x424 d:/toolchain/gcc-arm-none-eabi/bin/../lib/gcc/arm-none-eabi/9.2.1/thumb/v7e-m+fp/hard\libgcc.a(_arm_muldivdf3.o)
                0x08010dcc                __aeabi_dmul
                0x08010dcc                __muldf3
                0x08011020                __divdf3
                0x08011020                __aeabi_ddiv
 .text          0x080111f0      0x110 d:/toolchain/gcc-arm-none-eabi/bin/../lib/gcc/arm-none-eabi/9.2.1/thumb/v7e-m+fp/hard\libgcc.a(_arm_cmpdf2.o)
                0x080111f0                __gtdf2
                0x080111f0                __gedf2
                0x080111f8                __ltdf2
                0x080111f8                __ledf2
                0x08011200                __nedf2
                0x08011200                __eqdf2
                0x08011200                __cmpdf2
                0x0801127c                __aeabi_cdrcmple
                0x0801128c                __aeabi_cdcmpeq
                0x0801128c                __aeabi_cdcmple
                0x0801129c                __aeabi_dcmpeq
                0x080112b0                __aeabi_dcmplt
                0x080112c4                __aeabi_dcmple
                0x080112d8                __aeabi_dcmpge
                0x080112ec                __aeabi_dcmpgt
 .text          0x08011300       0x2c d:/toolchain/gcc-arm-none-eabi/bin/../lib/gcc/arm-none-eabi/9.2.1/thumb/v7e-m+fp/hard\libgcc.a(_arm_unorddf2.o)
                0x08011300                __unorddf2
                0x08011300                __aeabi_dcmpun
 .text          0x0801132c       0x50 d:/toolchain/gcc-arm-none-eabi/bin/../lib/gcc/arm-none-eabi/9.2.1/thumb/v7e-m+fp/hard\libgcc.a(_arm_fixdfsi.o)
                0x0801132c                __aeabi_d2iz
                0x0801132c                __fixdfsi
 .text          0x0801137c       0x40 d:/toolchain/gcc-arm-none-eabi/bin/../lib/gcc/arm-none-eabi/9.2.1/thumb/v7e-m+fp/hard\libgcc.a(_arm_fixunsdfsi.o)
                0x0801137c                __aeabi_d2uiz
                0x0801137c                __fixunsdfsi
 .text          0x080113bc       0xa0 d:/toolchain/gcc-arm-none-eabi/bin/../lib/gcc/arm-none-eabi/9.2.1/thumb/v7e-m+fp/hard\libgcc.a(_arm_truncdfsf2.o)
                0x080113bc                __truncdfsf2
                0x080113bc                __aeabi_d2f
 .text          0x0801145c       0x30 d:/toolchain/gcc-arm-none-eabi/bin/../lib/gcc/arm-none-eabi/9.2.1/thumb/v7e-m+fp/hard\libgcc.a(_fixdfdi.o)
                0x0801145c                __fixdfdi
                0x0801145c                __aeabi_d2lz
 .text          0x0801148c       0x3c d:/toolchain/gcc-arm-none-eabi/bin/../lib/gcc/arm-none-eabi/9.2.1/thumb/v7e-m+fp/hard\libgcc.a(_fixunsdfdi.o)
                0x0801148c                __fixunsdfdi
                0x0801148c                __aeabi_d2ulz
 .text          0x080114c8        0x0 d:/toolchain/gcc-arm-none-eabi/bin/../lib/gcc/arm-none-eabi/9.2.1/../../../../arm-none-eabi/lib/thumb/v7e-m+fp/hard\libnosys.a(close.o)
 .text          0x080114c8        0x0 d:/toolchain/gcc-arm-none-eabi/bin/../lib/gcc/arm-none-eabi/9.2.1/../../../../arm-none-eabi/lib/thumb/v7e-m+fp/hard\libnosys.a(fstat.o)
 .text          0x080114c8        0x0 d:/toolchain/gcc-arm-none-eabi/bin/../lib/gcc/arm-none-eabi/9.2.1/../../../../arm-none-eabi/lib/thumb/v7e-m+fp/hard\libnosys.a(isatty.o)
 .text          0x080114c8        0x0 d:/toolchain/gcc-arm-none-eabi/bin/../lib/gcc/arm-none-eabi/9.2.1/../../../../arm-none-eabi/lib/thumb/v7e-m+fp/hard\libnosys.a(lseek.o)
 .text          0x080114c8        0x0 d:/toolchain/gcc-arm-none-eabi/bin/../lib/gcc/arm-none-eabi/9.2.1/../../../../arm-none-eabi/lib/thumb/v7e-m+fp/hard\libnosys.a(_exit.o)
 .text          0x080114c8        0x0 d:/toolchain/gcc-arm-none-eabi/bin/../lib/gcc/arm-none-eabi/9.2.1/thumb/v7e-m+fp/hard/crtend.o
 .text          0x080114c8        0x0 d:/toolchain/gcc-arm-none-eabi/bin/../lib/gcc/arm-none-eabi/9.2.1/thumb/v7e-m+fp/hard/crtn.o
 *(.text*)
 .text.startup  0x080114c8       0xb4 build/main.o
                0x080114c8                main
 .text.Reset_Handler
                0x0801157c       0x50 build/startup_stm32f446xx.o
                0x0801157c                Reset_Handler
 .text.Default_Handler
                0x080115cc        0x2 build/startup_stm32f446xx.o
                0x080115cc                RTC_Alarm_IRQHandler
                0x080115cc                EXTI2_IRQHandler
                0x080115cc                TIM8_CC_IRQHandler
                0x080115cc                SPI4_IRQHandler
                0x080115cc                TIM1_CC_IRQHandler
                0x080115cc                DMA2_Stream5_IRQHandler
                0x080115cc                DMA1_Stream5_IRQHandler
                0x080115cc                PVD_IRQHandler
                0x080115cc                SDIO_IRQHandler
                0x080115cc                TAMP_STAMP_IRQHandler
                0x080115cc                CAN2_RX1_IRQHandler
                0x080115cc                EXTI3_IRQHandler
                0x080115cc                TIM8_TRG_COM_TIM14_IRQHandler
                0x080115cc                TIM1_UP_TIM10_IRQHandler
                0x080115cc                TIM8_UP_TIM13_IRQHandler
                0x080115cc                I2C3_ER_IRQHandler
                0x080115cc                FMPI2C1_Event_IRQHandler
                0x080115cc                EXTI0_IRQHandler
                0x080115cc                I2C2_EV_IRQHandler
                0x080115cc                DMA1_Stream2_IRQHandler
                0x080115cc                CAN1_RX0_IRQHandler
                0x080115cc                FPU_IRQHandler
                0x080115cc                OTG_HS_WKUP_IRQHandler
                0x080115cc                CAN2_SCE_IRQHandler
                0x080115cc                DMA2_Stream2_IRQHandler
                0x080115cc                SPI1_IRQHandler
                0x080115cc                TIM6_DAC_IRQHandler
                0x080115cc                TIM1_BRK_TIM9_IRQHandler
                0x080115cc                DCMI_IRQHandler
                0x080115cc                CAN2_RX0_IRQHandler
                0x080115cc                DMA2_Stream3_IRQHandler
                0x080115cc                SAI2_IRQHandler
                0x080115cc                USART6_IRQHandler
                0x080115cc                USART3_IRQHandler
                0x080115cc                CAN1_RX1_IRQHandler
                0x080115cc                UART5_IRQHandler
                0x080115cc                DMA2_Stream0_IRQHandler
                0x080115cc                TIM4_IRQHandler
                0x080115cc                QUADSPI_IRQHandler
                0x080115cc                I2C1_EV_IRQHandler
                0x080115cc                DMA1_Stream6_IRQHandler
                0x080115cc                DMA1_Stream1_IRQHandler
                0x080115cc                UART4_IRQHandler
                0x080115cc                TIM3_IRQHandler
                0x080115cc                RCC_IRQHandler
                0x080115cc                TIM8_BRK_TIM12_IRQHandler
                0x080115cc                Default_Handler
                0x080115cc                CEC_IRQHandler
                0x080115cc                EXTI15_10_IRQHandler
                0x080115cc                ADC_IRQHandler
                0x080115cc                DMA1_Stream7_IRQHandler
                0x080115cc                TIM7_IRQHandler
                0x080115cc                CAN2_TX_IRQHandler
                0x080115cc                TIM5_IRQHandler
                0x080115cc                DMA2_Stream7_IRQHandler
                0x080115cc                I2C3_EV_IRQHandler
                0x080115cc                RTC_WKUP_IRQHandler
                0x080115cc                SPDIF_RX_IRQHandler
                0x080115cc                SPI2_IRQHandler
                0x080115cc                OTG_HS_EP1_IN_IRQHandler
                0x080115cc                DMA1_Stream0_IRQHandler
                0x080115cc                CAN1_TX_IRQHandler
                0x080115cc                EXTI4_IRQHandler
                0x080115cc                OTG_HS_EP1_OUT_IRQHandler
                0x080115cc                WWDG_IRQHandler
                0x080115cc                TIM2_IRQHandler
                0x080115cc                OTG_FS_WKUP_IRQHandler
                0x080115cc                TIM1_TRG_COM_TIM11_IRQHandler
                0x080115cc                OTG_HS_IRQHandler
                0x080115cc                EXTI1_IRQHandler
                0x080115cc                I2C2_ER_IRQHandler
                0x080115cc                DMA2_Stream1_IRQHandler
                0x080115cc                CAN1_SCE_IRQHandler
                0x080115cc                FLASH_IRQHandler
                0x080115cc                DMA2_Stream4_IRQHandler
                0x080115cc                USART1_IRQHandler
                0x080115cc                OTG_FS_IRQHandler
                0x080115cc                SPI3_IRQHandler
                0x080115cc                DMA1_Stream4_IRQHandler
                0x080115cc                I2C1_ER_IRQHandler
                0x080115cc                FMC_IRQHandler
                0x080115cc                DMA2_Stream6_IRQHandler
                0x080115cc                SAI1_IRQHandler
                0x080115cc                DMA1_Stream3_IRQHandler
                0x080115cc                FMPI2C1_Error_IRQHandler
 .text.atoi     0x080115ce        0x8 d:/toolchain/gcc-arm-none-eabi/bin/../lib/gcc/arm-none-eabi/9.2.1/../../../../arm-none-eabi/lib/thumb/v7e-m+fp/hard\libc_nano.a(lib_a-atoi.o)
                0x080115ce                atoi
 .text._atoi_r  0x080115d6        0x8 d:/toolchain/gcc-arm-none-eabi/bin/../lib/gcc/arm-none-eabi/9.2.1/../../../../arm-none-eabi/lib/thumb/v7e-m+fp/hard\libc_nano.a(lib_a-atoi.o)
                0x080115d6                _atoi_r
 *fill*         0x080115de        0x2 
 .text.exit     0x080115e0       0x28 d:/toolchain/gcc-arm-none-eabi/bin/../lib/gcc/arm-none-eabi/9.2.1/../../../../arm-none-eabi/lib/thumb/v7e-m+fp/hard\libc_nano.a(lib_a-exit.o)
                0x080115e0                exit
 .text._getchar_r
                0x08011608       0x1a d:/toolchain/gcc-arm-none-eabi/bin/../lib/gcc/arm-none-eabi/9.2.1/../../../../arm-none-eabi/lib/thumb/v7e-m+fp/hard\libc_nano.a(lib_a-getchar.o)
                0x08011608                _getchar_r
 *fill*         0x08011622        0x2 
 .text.getchar  0x08011624       0x24 d:/toolchain/gcc-arm-none-eabi/bin/../lib/gcc/arm-none-eabi/9.2.1/../../../../arm-none-eabi/lib/thumb/v7e-m+fp/hard\libc_nano.a(lib_a-getchar.o)
                0x08011624                getchar
 .text.__libc_init_array
                0x08011648       0x48 d:/toolchain/gcc-arm-none-eabi/bin/../lib/gcc/arm-none-eabi/9.2.1/../../../../arm-none-eabi/lib/thumb/v7e-m+fp/hard\libc_nano.a(lib_a-init.o)
                0x08011648                __libc_init_array
 .text.malloc   0x08011690       0x10 d:/toolchain/gcc-arm-none-eabi/bin/../lib/gcc/arm-none-eabi/9.2.1/../../../../arm-none-eabi/lib/thumb/v7e-m+fp/hard\libc_nano.a(lib_a-malloc.o)
                0x08011690                malloc
 .text.free     0x080116a0       0x10 d:/toolchain/gcc-arm-none-eabi/bin/../lib/gcc/arm-none-eabi/9.2.1/../../../../arm-none-eabi/lib/thumb/v7e-m+fp/hard\libc_nano.a(lib_a-malloc.o)
                0x080116a0                free
 .text.memcpy   0x080116b0       0x1c d:/toolchain/gcc-arm-none-eabi/bin/../lib/gcc/arm-none-eabi/9.2.1/../../../../arm-none-eabi/lib/thumb/v7e-m+fp/hard\libc_nano.a(lib_a-memcpy-stub.o)
                0x080116b0                memcpy
 .text.memset   0x080116cc       0x10 d:/toolchain/gcc-arm-none-eabi/bin/../lib/gcc/arm-none-eabi/9.2.1/../../../../arm-none-eabi/lib/thumb/v7e-m+fp/hard\libc_nano.a(lib_a-memset.o)
                0x080116cc                memset
 .text.mallinfo
                0x080116dc       0x14 d:/toolchain/gcc-arm-none-eabi/bin/../lib/gcc/arm-none-eabi/9.2.1/../../../../arm-none-eabi/lib/thumb/v7e-m+fp/hard\libc_nano.a(lib_a-mstats.o)
                0x080116dc                mallinfo
 .text.malloc_stats
                0x080116f0        0xc d:/toolchain/gcc-arm-none-eabi/bin/../lib/gcc/arm-none-eabi/9.2.1/../../../../arm-none-eabi/lib/thumb/v7e-m+fp/hard\libc_nano.a(lib_a-mstats.o)
                0x080116f0                malloc_stats
 .text.mallopt  0x080116fc       0x10 d:/toolchain/gcc-arm-none-eabi/bin/../lib/gcc/arm-none-eabi/9.2.1/../../../../arm-none-eabi/lib/thumb/v7e-m+fp/hard\libc_nano.a(lib_a-mstats.o)
                0x080116fc                mallopt
 .text._mstats_r
                0x0801170c       0x2c d:/toolchain/gcc-arm-none-eabi/bin/../lib/gcc/arm-none-eabi/9.2.1/../../../../arm-none-eabi/lib/thumb/v7e-m+fp/hard\libc_nano.a(lib_a-mstats.o)
                0x0801170c                _mstats_r
 .text.mstats   0x08011738       0x10 d:/toolchain/gcc-arm-none-eabi/bin/../lib/gcc/arm-none-eabi/9.2.1/../../../../arm-none-eabi/lib/thumb/v7e-m+fp/hard\libc_nano.a(lib_a-mstats.o)
                0x08011738                mstats
 .text._free_r  0x08011748       0xa0 d:/toolchain/gcc-arm-none-eabi/bin/../lib/gcc/arm-none-eabi/9.2.1/../../../../arm-none-eabi/lib/thumb/v7e-m+fp/hard\libc_nano.a(lib_a-nano-freer.o)
                0x08011748                _free_r
 .text._mallinfo_r
                0x080117e8       0x68 d:/toolchain/gcc-arm-none-eabi/bin/../lib/gcc/arm-none-eabi/9.2.1/../../../../arm-none-eabi/lib/thumb/v7e-m+fp/hard\libc_nano.a(lib_a-nano-mallinfor.o)
                0x080117e8                _mallinfo_r
 .text._malloc_r
                0x08011850       0xb4 d:/toolchain/gcc-arm-none-eabi/bin/../lib/gcc/arm-none-eabi/9.2.1/../../../../arm-none-eabi/lib/thumb/v7e-m+fp/hard\libc_nano.a(lib_a-nano-mallocr.o)
                0x08011850                _malloc_r
 .text._mallopt_r
                0x08011904        0x4 d:/toolchain/gcc-arm-none-eabi/bin/../lib/gcc/arm-none-eabi/9.2.1/../../../../arm-none-eabi/lib/thumb/v7e-m+fp/hard\libc_nano.a(lib_a-nano-malloptr.o)
                0x08011904                _mallopt_r
 .text._malloc_stats_r
                0x08011908       0x50 d:/toolchain/gcc-arm-none-eabi/bin/../lib/gcc/arm-none-eabi/9.2.1/../../../../arm-none-eabi/lib/thumb/v7e-m+fp/hard\libc_nano.a(lib_a-nano-mallstatsr.o)
                0x08011908                _malloc_stats_r
 .text.__cvt    0x08011958       0xc4 d:/toolchain/gcc-arm-none-eabi/bin/../lib/gcc/arm-none-eabi/9.2.1/../../../../arm-none-eabi/lib/thumb/v7e-m+fp/hard\libc_nano.a(lib_a-nano-vfprintf_float.o)
                0x08011958                __cvt
 .text.__exponent
                0x08011a1c       0x7c d:/toolchain/gcc-arm-none-eabi/bin/../lib/gcc/arm-none-eabi/9.2.1/../../../../arm-none-eabi/lib/thumb/v7e-m+fp/hard\libc_nano.a(lib_a-nano-vfprintf_float.o)
                0x08011a1c                __exponent
 .text._printf_float
                0x08011a98      0x46c d:/toolchain/gcc-arm-none-eabi/bin/../lib/gcc/arm-none-eabi/9.2.1/../../../../arm-none-eabi/lib/thumb/v7e-m+fp/hard\libc_nano.a(lib_a-nano-vfprintf_float.o)
                0x08011a98                _printf_float
 .text._printf_common
                0x08011f04       0xda d:/toolchain/gcc-arm-none-eabi/bin/../lib/gcc/arm-none-eabi/9.2.1/../../../../arm-none-eabi/lib/thumb/v7e-m+fp/hard\libc_nano.a(lib_a-nano-vfprintf_i.o)
                0x08011f04                _printf_common
 *fill*         0x08011fde        0x2 
 .text._printf_i
                0x08011fe0      0x24c d:/toolchain/gcc-arm-none-eabi/bin/../lib/gcc/arm-none-eabi/9.2.1/../../../../arm-none-eabi/lib/thumb/v7e-m+fp/hard\libc_nano.a(lib_a-nano-vfprintf_i.o)
                0x08011fe0                _printf_i
 .text._scanf_float
                0x0801222c      0x420 d:/toolchain/gcc-arm-none-eabi/bin/../lib/gcc/arm-none-eabi/9.2.1/../../../../arm-none-eabi/lib/thumb/v7e-m+fp/hard\libc_nano.a(lib_a-nano-vfscanf_float.o)
                0x0801222c                _scanf_float
 .text._printf_r
                0x0801264c       0x28 d:/toolchain/gcc-arm-none-eabi/bin/../lib/gcc/arm-none-eabi/9.2.1/../../../../arm-none-eabi/lib/thumb/v7e-m+fp/hard\libc_nano.a(lib_a-printf.o)
                0x0801264c                _iprintf_r
                0x0801264c                _printf_r
 .text.printf   0x08012674       0x30 d:/toolchain/gcc-arm-none-eabi/bin/../lib/gcc/arm-none-eabi/9.2.1/../../../../arm-none-eabi/lib/thumb/v7e-m+fp/hard\libc_nano.a(lib_a-printf.o)
                0x08012674                iprintf
                0x08012674                printf
 .text.cleanup_glue
                0x080126a4       0x1a d:/toolchain/gcc-arm-none-eabi/bin/../lib/gcc/arm-none-eabi/9.2.1/../../../../arm-none-eabi/lib/thumb/v7e-m+fp/hard\libc_nano.a(lib_a-reent.o)
                0x080126a4                cleanup_glue
 *fill*         0x080126be        0x2 
 .text._reclaim_reent
                0x080126c0       0xb8 d:/toolchain/gcc-arm-none-eabi/bin/../lib/gcc/arm-none-eabi/9.2.1/../../../../arm-none-eabi/lib/thumb/v7e-m+fp/hard\libc_nano.a(lib_a-reent.o)
                0x080126c0                _reclaim_reent
 .text._sbrk_r  0x08012778       0x20 d:/toolchain/gcc-arm-none-eabi/bin/../lib/gcc/arm-none-eabi/9.2.1/../../../../arm-none-eabi/lib/thumb/v7e-m+fp/hard\libc_nano.a(lib_a-sbrkr.o)
                0x08012778                _sbrk_r
 .text.setvbuf  0x08012798      0x18c d:/toolchain/gcc-arm-none-eabi/bin/../lib/gcc/arm-none-eabi/9.2.1/../../../../arm-none-eabi/lib/thumb/v7e-m+fp/hard\libc_nano.a(lib_a-setvbuf.o)
                0x08012798                setvbuf
 .text.nanf     0x08012924        0xc d:/toolchain/gcc-arm-none-eabi/bin/../lib/gcc/arm-none-eabi/9.2.1/../../../../arm-none-eabi/lib/thumb/v7e-m+fp/hard\libc_nano.a(lib_a-sf_nan.o)
                0x08012924                nanf
 .text._sprintf_r
                0x08012930       0x38 d:/toolchain/gcc-arm-none-eabi/bin/../lib/gcc/arm-none-eabi/9.2.1/../../../../arm-none-eabi/lib/thumb/v7e-m+fp/hard\libc_nano.a(lib_a-sprintf.o)
                0x08012930                _sprintf_r
                0x08012930                _siprintf_r
 .text.sprintf  0x08012968       0x40 d:/toolchain/gcc-arm-none-eabi/bin/../lib/gcc/arm-none-eabi/9.2.1/../../../../arm-none-eabi/lib/thumb/v7e-m+fp/hard\libc_nano.a(lib_a-sprintf.o)
                0x08012968                siprintf
                0x08012968                sprintf
 .text.sulp     0x080129a8       0x38 d:/toolchain/gcc-arm-none-eabi/bin/../lib/gcc/arm-none-eabi/9.2.1/../../../../arm-none-eabi/lib/thumb/v7e-m+fp/hard\libc_nano.a(lib_a-strtod.o)
 .text._strtod_l
                0x080129e0      0xc14 d:/toolchain/gcc-arm-none-eabi/bin/../lib/gcc/arm-none-eabi/9.2.1/../../../../arm-none-eabi/lib/thumb/v7e-m+fp/hard\libc_nano.a(lib_a-strtod.o)
                0x080129e0                _strtod_l
 .text._strtod_r
                0x080135f4        0xc d:/toolchain/gcc-arm-none-eabi/bin/../lib/gcc/arm-none-eabi/9.2.1/../../../../arm-none-eabi/lib/thumb/v7e-m+fp/hard\libc_nano.a(lib_a-strtod.o)
                0x080135f4                _strtod_r
 .text.strtod_l
                0x08013600       0x14 d:/toolchain/gcc-arm-none-eabi/bin/../lib/gcc/arm-none-eabi/9.2.1/../../../../arm-none-eabi/lib/thumb/v7e-m+fp/hard\libc_nano.a(lib_a-strtod.o)
                0x08013600                strtod_l
 .text.strtod   0x08013614       0x18 d:/toolchain/gcc-arm-none-eabi/bin/../lib/gcc/arm-none-eabi/9.2.1/../../../../arm-none-eabi/lib/thumb/v7e-m+fp/hard\libc_nano.a(lib_a-strtod.o)
                0x08013614                strtod
 .text.strtof_l
                0x0801362c       0xb0 d:/toolchain/gcc-arm-none-eabi/bin/../lib/gcc/arm-none-eabi/9.2.1/../../../../arm-none-eabi/lib/thumb/v7e-m+fp/hard\libc_nano.a(lib_a-strtod.o)
                0x0801362c                strtof_l
 .text.strtof   0x080136dc       0xb4 d:/toolchain/gcc-arm-none-eabi/bin/../lib/gcc/arm-none-eabi/9.2.1/../../../../arm-none-eabi/lib/thumb/v7e-m+fp/hard\libc_nano.a(lib_a-strtod.o)
                0x080136dc                strtof
 .text._strtol_l.isra.0
                0x08013790       0xf4 d:/toolchain/gcc-arm-none-eabi/bin/../lib/gcc/arm-none-eabi/9.2.1/../../../../arm-none-eabi/lib/thumb/v7e-m+fp/hard\libc_nano.a(lib_a-strtol.o)
 .text._strtol_r
                0x08013884        0x4 d:/toolchain/gcc-arm-none-eabi/bin/../lib/gcc/arm-none-eabi/9.2.1/../../../../arm-none-eabi/lib/thumb/v7e-m+fp/hard\libc_nano.a(lib_a-strtol.o)
                0x08013884                _strtol_r
 .text.strtol_l
                0x08013888       0x14 d:/toolchain/gcc-arm-none-eabi/bin/../lib/gcc/arm-none-eabi/9.2.1/../../../../arm-none-eabi/lib/thumb/v7e-m+fp/hard\libc_nano.a(lib_a-strtol.o)
                0x08013888                strtol_l
 .text.strtol   0x0801389c       0x14 d:/toolchain/gcc-arm-none-eabi/bin/../lib/gcc/arm-none-eabi/9.2.1/../../../../arm-none-eabi/lib/thumb/v7e-m+fp/hard\libc_nano.a(lib_a-strtol.o)
                0x0801389c                strtol
 .text.vprintf  0x080138b0       0x30 d:/toolchain/gcc-arm-none-eabi/bin/../lib/gcc/arm-none-eabi/9.2.1/../../../../arm-none-eabi/lib/thumb/v7e-m+fp/hard\libc_nano.a(lib_a-vprintf.o)
                0x080138b0                viprintf
                0x080138b0                vprintf
 .text._vprintf_r
                0x080138e0       0x26 d:/toolchain/gcc-arm-none-eabi/bin/../lib/gcc/arm-none-eabi/9.2.1/../../../../arm-none-eabi/lib/thumb/v7e-m+fp/hard\libc_nano.a(lib_a-vprintf.o)
                0x080138e0                _vprintf_r
                0x080138e0                _viprintf_r
 .text.quorem   0x08013906      0x116 d:/toolchain/gcc-arm-none-eabi/bin/../lib/gcc/arm-none-eabi/9.2.1/../../../../arm-none-eabi/lib/thumb/v7e-m+fp/hard\libc_nano.a(lib_a-dtoa.o)
 *fill*         0x08013a1c        0x4 
 .text._dtoa_r  0x08013a20      0xbbc d:/toolchain/gcc-arm-none-eabi/bin/../lib/gcc/arm-none-eabi/9.2.1/../../../../arm-none-eabi/lib/thumb/v7e-m+fp/hard\libc_nano.a(lib_a-dtoa.o)
                0x08013a20                _dtoa_r
 .text.__sflush_r
                0x080145dc      0x10c d:/toolchain/gcc-arm-none-eabi/bin/../lib/gcc/arm-none-eabi/9.2.1/../../../../arm-none-eabi/lib/thumb/v7e-m+fp/hard\libc_nano.a(lib_a-fflush.o)
                0x080145dc                __sflush_r
 .text._fflush_r
                0x080146e8       0x78 d:/toolchain/gcc-arm-none-eabi/bin/../lib/gcc/arm-none-eabi/9.2.1/../../../../arm-none-eabi/lib/thumb/v7e-m+fp/hard\libc_nano.a(lib_a-fflush.o)
                0x080146e8                _fflush_r
 .text.fflush   0x08014760       0x24 d:/toolchain/gcc-arm-none-eabi/bin/../lib/gcc/arm-none-eabi/9.2.1/../../../../arm-none-eabi/lib/thumb/v7e-m+fp/hard\libc_nano.a(lib_a-fflush.o)
                0x08014760                fflush
 .text.std      0x08014784       0x48 d:/toolchain/gcc-arm-none-eabi/bin/../lib/gcc/arm-none-eabi/9.2.1/../../../../arm-none-eabi/lib/thumb/v7e-m+fp/hard\libc_nano.a(lib_a-findfp.o)
 .text._cleanup_r
                0x080147cc        0xc d:/toolchain/gcc-arm-none-eabi/bin/../lib/gcc/arm-none-eabi/9.2.1/../../../../arm-none-eabi/lib/thumb/v7e-m+fp/hard\libc_nano.a(lib_a-findfp.o)
                0x080147cc                _cleanup_r
 .text.__fp_lock
                0x080147d8       0x18 d:/toolchain/gcc-arm-none-eabi/bin/../lib/gcc/arm-none-eabi/9.2.1/../../../../arm-none-eabi/lib/thumb/v7e-m+fp/hard\libc_nano.a(lib_a-findfp.o)
 .text.__fp_unlock
                0x080147f0       0x18 d:/toolchain/gcc-arm-none-eabi/bin/../lib/gcc/arm-none-eabi/9.2.1/../../../../arm-none-eabi/lib/thumb/v7e-m+fp/hard\libc_nano.a(lib_a-findfp.o)
 .text.__sfmoreglue
                0x08014808       0x2c d:/toolchain/gcc-arm-none-eabi/bin/../lib/gcc/arm-none-eabi/9.2.1/../../../../arm-none-eabi/lib/thumb/v7e-m+fp/hard\libc_nano.a(lib_a-findfp.o)
                0x08014808                __sfmoreglue
 .text._cleanup
                0x08014834        0xc d:/toolchain/gcc-arm-none-eabi/bin/../lib/gcc/arm-none-eabi/9.2.1/../../../../arm-none-eabi/lib/thumb/v7e-m+fp/hard\libc_nano.a(lib_a-findfp.o)
                0x08014834                _cleanup
 .text.__sfp_lock_acquire
                0x08014840        0xc d:/toolchain/gcc-arm-none-eabi/bin/../lib/gcc/arm-none-eabi/9.2.1/../../../../arm-none-eabi/lib/thumb/v7e-m+fp/hard\libc_nano.a(lib_a-findfp.o)
                0x08014840                __sfp_lock_acquire
 .text.__sfp_lock_release
                0x0801484c        0xc d:/toolchain/gcc-arm-none-eabi/bin/../lib/gcc/arm-none-eabi/9.2.1/../../../../arm-none-eabi/lib/thumb/v7e-m+fp/hard\libc_nano.a(lib_a-findfp.o)
                0x0801484c                __sfp_lock_release
 .text.__sinit_lock_acquire
                0x08014858        0xc d:/toolchain/gcc-arm-none-eabi/bin/../lib/gcc/arm-none-eabi/9.2.1/../../../../arm-none-eabi/lib/thumb/v7e-m+fp/hard\libc_nano.a(lib_a-findfp.o)
                0x08014858                __sinit_lock_acquire
 .text.__sinit_lock_release
                0x08014864        0xc d:/toolchain/gcc-arm-none-eabi/bin/../lib/gcc/arm-none-eabi/9.2.1/../../../../arm-none-eabi/lib/thumb/v7e-m+fp/hard\libc_nano.a(lib_a-findfp.o)
                0x08014864                __sinit_lock_release
 .text.__sinit  0x08014870       0x70 d:/toolchain/gcc-arm-none-eabi/bin/../lib/gcc/arm-none-eabi/9.2.1/../../../../arm-none-eabi/lib/thumb/v7e-m+fp/hard\libc_nano.a(lib_a-findfp.o)
                0x08014870                __sinit
 .text.__sfp    0x080148e0       0x8c d:/toolchain/gcc-arm-none-eabi/bin/../lib/gcc/arm-none-eabi/9.2.1/../../../../arm-none-eabi/lib/thumb/v7e-m+fp/hard\libc_nano.a(lib_a-findfp.o)
                0x080148e0                __sfp
 .text.__fp_lock_all
                0x0801496c       0x1c d:/toolchain/gcc-arm-none-eabi/bin/../lib/gcc/arm-none-eabi/9.2.1/../../../../arm-none-eabi/lib/thumb/v7e-m+fp/hard\libc_nano.a(lib_a-findfp.o)
                0x0801496c                __fp_lock_all
 .text.__fp_unlock_all
                0x08014988       0x1c d:/toolchain/gcc-arm-none-eabi/bin/../lib/gcc/arm-none-eabi/9.2.1/../../../../arm-none-eabi/lib/thumb/v7e-m+fp/hard\libc_nano.a(lib_a-findfp.o)
                0x08014988                __fp_unlock_all
 .text._fprintf_r
                0x080149a4       0x1a d:/toolchain/gcc-arm-none-eabi/bin/../lib/gcc/arm-none-eabi/9.2.1/../../../../arm-none-eabi/lib/thumb/v7e-m+fp/hard\libc_nano.a(lib_a-fprintf.o)
                0x080149a4                _fiprintf_r
                0x080149a4                _fprintf_r
 *fill*         0x080149be        0x2 
 .text.fprintf  0x080149c0       0x24 d:/toolchain/gcc-arm-none-eabi/bin/../lib/gcc/arm-none-eabi/9.2.1/../../../../arm-none-eabi/lib/thumb/v7e-m+fp/hard\libc_nano.a(lib_a-fprintf.o)
                0x080149c0                fiprintf
                0x080149c0                fprintf
 .text._fwalk   0x080149e4       0x3a d:/toolchain/gcc-arm-none-eabi/bin/../lib/gcc/arm-none-eabi/9.2.1/../../../../arm-none-eabi/lib/thumb/v7e-m+fp/hard\libc_nano.a(lib_a-fwalk.o)
                0x080149e4                _fwalk
 .text._fwalk_reent
                0x08014a1e       0x3e d:/toolchain/gcc-arm-none-eabi/bin/../lib/gcc/arm-none-eabi/9.2.1/../../../../arm-none-eabi/lib/thumb/v7e-m+fp/hard\libc_nano.a(lib_a-fwalk.o)
                0x08014a1e                _fwalk_reent
 .text.rshift   0x08014a5c       0xa4 d:/toolchain/gcc-arm-none-eabi/bin/../lib/gcc/arm-none-eabi/9.2.1/../../../../arm-none-eabi/lib/thumb/v7e-m+fp/hard\libc_nano.a(lib_a-gdtoa-gethex.o)
 .text.__hexdig_fun
                0x08014b00       0x2a d:/toolchain/gcc-arm-none-eabi/bin/../lib/gcc/arm-none-eabi/9.2.1/../../../../arm-none-eabi/lib/thumb/v7e-m+fp/hard\libc_nano.a(lib_a-gdtoa-gethex.o)
                0x08014b00                __hexdig_fun
 *fill*         0x08014b2a        0x2 
 .text.__gethex
                0x08014b2c      0x468 d:/toolchain/gcc-arm-none-eabi/bin/../lib/gcc/arm-none-eabi/9.2.1/../../../../arm-none-eabi/lib/thumb/v7e-m+fp/hard\libc_nano.a(lib_a-gdtoa-gethex.o)
                0x08014b2c                __gethex
 .text.L_shift  0x08014f94       0x24 d:/toolchain/gcc-arm-none-eabi/bin/../lib/gcc/arm-none-eabi/9.2.1/../../../../arm-none-eabi/lib/thumb/v7e-m+fp/hard\libc_nano.a(lib_a-gdtoa-hexnan.o)
 .text.__match  0x08014fb8       0x28 d:/toolchain/gcc-arm-none-eabi/bin/../lib/gcc/arm-none-eabi/9.2.1/../../../../arm-none-eabi/lib/thumb/v7e-m+fp/hard\libc_nano.a(lib_a-gdtoa-hexnan.o)
                0x08014fb8                __match
 .text.__hexnan